Component: ARM Compiler 5.06 update 7 (build 960) Tool: armlink [4d3601]

==============================================================================

Section Cross References

    startup_stm32g030xx.o(STACK) refers (Special) to heapauxi.o(.text) for __use_two_region_memory
    startup_stm32g030xx.o(HEAP) refers (Special) to heapauxi.o(.text) for __use_two_region_memory
    startup_stm32g030xx.o(RESET) refers (Special) to heapauxi.o(.text) for __use_two_region_memory
    startup_stm32g030xx.o(RESET) refers to startup_stm32g030xx.o(STACK) for __initial_sp
    startup_stm32g030xx.o(RESET) refers to startup_stm32g030xx.o(.text) for Reset_Handler
    startup_stm32g030xx.o(RESET) refers to stm32g0xx_it.o(i.NMI_Handler) for NMI_Handler
    startup_stm32g030xx.o(RESET) refers to stm32g0xx_it.o(i.HardFault_Handler) for HardFault_Handler
    startup_stm32g030xx.o(RESET) refers to stm32g0xx_it.o(i.SVC_Handler) for SVC_Handler
    startup_stm32g030xx.o(RESET) refers to stm32g0xx_it.o(i.PendSV_Handler) for PendSV_Handler
    startup_stm32g030xx.o(RESET) refers to stm32g0xx_it.o(i.SysTick_Handler) for SysTick_Handler
    startup_stm32g030xx.o(RESET) refers to stm32g0xx_it.o(i.EXTI2_3_IRQHandler) for EXTI2_3_IRQHandler
    startup_stm32g030xx.o(RESET) refers to stm32g0xx_it.o(i.EXTI4_15_IRQHandler) for EXTI4_15_IRQHandler
    startup_stm32g030xx.o(RESET) refers to stm32g0xx_it.o(i.TIM3_IRQHandler) for TIM3_IRQHandler
    startup_stm32g030xx.o(RESET) refers to stm32g0xx_it.o(i.USART1_IRQHandler) for USART1_IRQHandler
    startup_stm32g030xx.o(.text) refers (Special) to heapauxi.o(.text) for __use_two_region_memory
    startup_stm32g030xx.o(.text) refers to system_stm32g0xx.o(i.SystemInit) for SystemInit
    startup_stm32g030xx.o(.text) refers to __main.o(!!!main) for __main
    startup_stm32g030xx.o(.text) refers to startup_stm32g030xx.o(HEAP) for Heap_Mem
    startup_stm32g030xx.o(.text) refers to startup_stm32g030xx.o(STACK) for Stack_Mem
    main.o(i.SystemClock_Config) refers to rt_memclr.o(.text) for __aeabi_memclr4
    main.o(i.SystemClock_Config) refers to stm32g0xx_hal_pwr_ex.o(i.HAL_PWREx_ControlVoltageScaling) for HAL_PWREx_ControlVoltageScaling
    main.o(i.SystemClock_Config) refers to stm32g0xx_hal_rcc.o(i.HAL_RCC_OscConfig) for HAL_RCC_OscConfig
    main.o(i.SystemClock_Config) refers to stm32g0xx_hal_rcc.o(i.HAL_RCC_ClockConfig) for HAL_RCC_ClockConfig
    main.o(i.main) refers to stm32g0xx_hal.o(i.HAL_Init) for HAL_Init
    main.o(i.main) refers to main.o(i.SystemClock_Config) for SystemClock_Config
    main.o(i.main) refers to gpio.o(i.MX_GPIO_Init) for MX_GPIO_Init
    main.o(i.main) refers to tim.o(i.MX_TIM3_Init) for MX_TIM3_Init
    main.o(i.main) refers to single_mode.o(i.Beijing_Time_Init) for Beijing_Time_Init
    main.o(i.main) refers to usart.o(i.MX_USART1_UART_Init) for MX_USART1_UART_Init
    main.o(i.main) refers to stm32g0xx_hal_tim.o(i.HAL_TIM_Base_Start_IT) for HAL_TIM_Base_Start_IT
    main.o(i.main) refers to stm32g0xx_hal_uart.o(i.UART_Start_Receive_IT) for UART_Start_Receive_IT
    main.o(i.main) refers to single_mode.o(i.Single_SendBuzzer_RunCmd) for Single_SendBuzzer_RunCmd
    main.o(i.main) refers to stm32g0xx_hal.o(i.HAL_Delay) for HAL_Delay
    main.o(i.main) refers to single_mode.o(i.Decode_Function) for Decode_Function
    main.o(i.main) refers to key.o(i.KEY_Scan) for KEY_Scan
    main.o(i.main) refers to single_mode.o(i.Process_Key_Handler) for Process_Key_Handler
    main.o(i.main) refers to single_mode.o(i.RunPocess_Command_Handler) for RunPocess_Command_Handler
    main.o(i.main) refers to cmd_link.o(i.USART1_Cmd_Error_Handler) for USART1_Cmd_Error_Handler
    main.o(i.main) refers to tim.o(.bss) for htim3
    main.o(i.main) refers to cmd_link.o(.data) for inputBuf
    main.o(i.main) refers to usart.o(.bss) for huart1
    main.o(i.main) refers to cmd_link.o(i.SendData_Buzzer) for SendData_Buzzer
    main.o(i.main) refers to run.o(.bss) for run_t
    gpio.o(i.MX_GPIO_Init) refers to rt_memclr.o(.text) for __aeabi_memclr4
    gpio.o(i.MX_GPIO_Init) refers to stm32g0xx_hal_gpio.o(i.HAL_GPIO_WritePin) for HAL_GPIO_WritePin
    gpio.o(i.MX_GPIO_Init) refers to stm32g0xx_hal_gpio.o(i.HAL_GPIO_Init) for HAL_GPIO_Init
    gpio.o(i.MX_GPIO_Init) refers to stm32g0xx_hal_cortex.o(i.HAL_NVIC_SetPriority) for HAL_NVIC_SetPriority
    gpio.o(i.MX_GPIO_Init) refers to stm32g0xx_hal_cortex.o(i.HAL_NVIC_EnableIRQ) for HAL_NVIC_EnableIRQ
    tim.o(i.HAL_TIM_Base_MspDeInit) refers to stm32g0xx_hal_cortex.o(i.HAL_NVIC_DisableIRQ) for HAL_NVIC_DisableIRQ
    tim.o(i.HAL_TIM_Base_MspInit) refers to stm32g0xx_hal_cortex.o(i.HAL_NVIC_SetPriority) for HAL_NVIC_SetPriority
    tim.o(i.HAL_TIM_Base_MspInit) refers to stm32g0xx_hal_cortex.o(i.HAL_NVIC_EnableIRQ) for HAL_NVIC_EnableIRQ
    tim.o(i.MX_TIM3_Init) refers to stm32g0xx_hal_tim.o(i.HAL_TIM_Base_Init) for HAL_TIM_Base_Init
    tim.o(i.MX_TIM3_Init) refers to main.o(i.Error_Handler) for Error_Handler
[...]
    ../clib/libinit.s                        0x00000000   Number         0  libshutdown2.o ABSOLUTE
    ../clib/libinit.s                        0x00000000   Number         0  libinit.o ABSOLUTE
    ../clib/libinit.s                        0x00000000   Number         0  libshutdown.o ABSOLUTE
    ../clib/libinit.s                        0x00000000   Number         0  libinit2.o ABSOLUTE
    ../clib/memcpset.c                       0x00000000   Number         0  rt_memclr.o ABSOLUTE
    ../clib/signal.c                         0x00000000   Number         0  defsig_general.o ABSOLUTE
    ../clib/signal.c                         0x00000000   Number         0  __raise.o ABSOLUTE
    ../clib/signal.c                         0x00000000   Number         0  defsig_cppl_inner.o ABSOLUTE
    ../clib/signal.c                         0x00000000   Number         0  defsig_other.o ABSOLUTE
    ../clib/signal.c                         0x00000000   Number         0  defsig_exit.o ABSOLUTE
    ../clib/signal.c                         0x00000000   Number         0  defsig_fpe_inner.o ABSOLUTE
    ../clib/signal.c                         0x00000000   Number         0  defsig_segv_inner.o ABSOLUTE
    ../clib/signal.c                         0x00000000   Number         0  defsig_pvfn_inner.o ABSOLUTE
    ../clib/signal.c                         0x00000000   Number         0  defsig_stak_inner.o ABSOLUTE
    ../clib/signal.c                         0x00000000   Number         0  defsig_rtmem_formal.o ABSOLUTE
    ../clib/signal.c                         0x00000000   Number         0  defsig_rtmem_outer.o ABSOLUTE
    ../clib/signal.c                         0x00000000   Number         0  defsig_rtred_inner.o ABSOLUTE
    ../clib/signal.c                         0x00000000   Number         0  defsig_fpe_formal.o ABSOLUTE
    ../clib/signal.c                         0x00000000   Number         0  defsig_rtmem_inner.o ABSOLUTE
    ../clib/signal.c                         0x00000000   Number         0  defsig_fpe_outer.o ABSOLUTE
    ../clib/signal.c                         0x00000000   Number         0  defsig_abrt_inner.o ABSOLUTE
    ../clib/signal.s                         0x00000000   Number         0  defsig.o ABSOLUTE
    ../clib/stdlib.c                         0x00000000   Number         0  exit.o ABSOLUTE
    ../fplib/cfplib/fpinit.c                 0x00000000   Number         0  fpinit.o ABSOLUTE
    ..\Core\Src\cmd_link.c                   0x00000000   Number         0  cmd_link.o ABSOLUTE
    ..\Core\Src\delay.c                      0x00000000   Number         0  delay.o ABSOLUTE
    ..\Core\Src\gpio.c                       0x00000000   Number         0  gpio.o ABSOLUTE
    ..\Core\Src\key.c                        0x00000000   Number         0  key.o ABSOLUTE
    ..\Core\Src\lcd.c                        0x00000000   Number         0  lcd.o ABSOLUTE
    ..\Core\Src\led.c                        0x00000000   Number         0  led.o ABSOLUTE
    ..\Core\Src\main.c                       0x00000000   Number         0  main.o ABSOLUTE
    ..\Core\Src\run.c                        0x00000000   Number         0  run.o ABSOLUTE
    ..\Core\Src\single_mode.c                0x00000000   Number         0  single_mode.o ABSOLUTE
    ..\Core\Src\stm32g0xx_hal_msp.c          0x00000000   Number         0  stm32g0xx_hal_msp.o ABSOLUTE
    ..\Core\Src\stm32g0xx_it.c               0x00000000   Number         0  stm32g0xx_it.o ABSOLUTE
    ..\Core\Src\system_stm32g0xx.c           0x00000000   Number         0  system_stm32g0xx.o ABSOLUTE
    ..\Core\Src\tim.c                        0x00000000   Number         0  tim.o ABSOLUTE
    ..\Core\Src\usart.c                      0x00000000   Number         0  usart.o ABSOLUTE
    ..\Drivers\STM32G0xx_HAL_Driver\Src\stm32g0xx_hal.c 0x00000000   Number         0  stm32g0xx_hal.o ABSOLUTE
    ..\Drivers\STM32G0xx_HAL_Driver\Src\stm32g0xx_hal_cortex.c 0x00000000   Number         0  stm32g0xx_hal_cortex.o ABSOLUTE
    ..\Drivers\STM32G0xx_HAL_Driver\Src\stm32g0xx_hal_dma.c 0x00000000   Number         0  stm32g0xx_hal_dma.o ABSOLUTE
    ..\Drivers\STM32G0xx_HAL_Driver\Src\stm32g0xx_hal_dma_ex.c 0x00000000   Number         0  stm32g0xx_hal_dma_ex.o ABSOLUTE
    ..\Drivers\STM32G0xx_HAL_Driver\Src\stm32g0xx_hal_exti.c 0x00000000   Number         0  stm32g0xx_hal_exti.o ABSOLUTE
    ..\Drivers\STM32G0xx_HAL_Driver\Src\stm32g0xx_hal_flash.c 0x00000000   Number         0  stm32g0xx_hal_flash.o ABSOLUTE
    ..\Drivers\STM32G0xx_HAL_Driver\Src\stm32g0xx_hal_flash_ex.c 0x00000000   Number         0  stm32g0xx_hal_flash_ex.o ABSOLUTE
    ..\Drivers\STM32G0xx_HAL_Driver\Src\stm32g0xx_hal_gpio.c 0x00000000   Number         0  stm32g0xx_hal_gpio.o ABSOLUTE
    ..\Drivers\STM32G0xx_HAL_Driver\Src\stm32g0xx_hal_iwdg.c 0x00000000   Number         0  stm32g0xx_hal_iwdg.o ABSOLUTE
    ..\Drivers\STM32G0xx_HAL_Driver\Src\stm32g0xx_hal_pwr.c 0x00000000   Number         0  stm32g0xx_hal_pwr.o ABSOLUTE
    ..\Drivers\STM32G0xx_HAL_Driver\Src\stm32g0xx_hal_pwr_ex.c 0x00000000   Number         0  stm32g0xx_hal_pwr_ex.o ABSOLUTE
    ..\Drivers\STM32G0xx_HAL_Driver\Src\stm32g0xx_hal_rcc.c 0x00000000   Number         0  stm32g0xx_hal_rcc.o ABSOLUTE
    ..\Drivers\STM32G0xx_HAL_Driver\Src\stm32g0xx_hal_rcc_ex.c 0x00000000   Number         0  stm32g0xx_hal_rcc_ex.o ABSOLUTE
    ..\Drivers\STM32G0xx_HAL_Driver\Src\stm32g0xx_hal_tim.c 0x00000000   Number         0  stm32g0xx_hal_tim.o ABSOLUTE
    ..\Drivers\STM32G0xx_HAL_Driver\Src\stm32g0xx_hal_tim_ex.c 0x00000000   Number         0  stm32g0xx_hal_tim_ex.o ABSOLUTE
    ..\Drivers\STM32G0xx_HAL_Driver\Src\stm32g0xx_hal_uart.c 0x00000000   Number         0  stm32g0xx_hal_uart.o ABSOLUTE
    ..\Drivers\STM32G0xx_HAL_Driver\Src\stm32g0xx_hal_uart_ex.c 0x00000000   Number         0  stm32g0xx_hal_uart_ex.o ABSOLUTE
    ..\\Core\\Src\\cmd_link.c                0x00000000   Number         0  cmd_link.o ABSOLUTE
    ..\\Core\\Src\\delay.c                   0x00000000   Number         0  delay.o ABSOLUTE
    ..\\Core\\Src\\key.c                     0x00000000   Number         0  key.o ABSOLUTE
    ..\\Core\\Src\\lcd.c                     0x00000000   Number         0  lcd.o ABSOLUTE
    ..\\Core\\Src\\led.c                     0x00000000   Number         0  led.o ABSOLUTE
    ..\\Core\\Src\\run.c                     0x00000000   Number         0  run.o ABSOLUTE
    ..\\Core\\Src\\single_mode.c             0x00000000   Number         0  single_mode.o ABSOLUTE
    ..\\Drivers\\STM32G0xx_HAL_Driver\\Src\\stm32g0xx_hal_iwdg.c 0x00000000   Number         0  stm32g0xx_hal_iwdg.o ABSOLUTE
    dc.s                                     0x00000000   Number         0  dc.o ABSOLUTE
    startup_stm32g030xx.s                    0x00000000   Number         0  startup_stm32g030xx.o ABSOLUTE
    RESET                                    0x08000000   Section      192  startup_stm32g030xx.o(RESET)
    !!!main                                  0x080000c0   Section        8  __main.o(!!!main)
    !!!scatter                               0x080000c8   Section       60  __scatter.o(!!!scatter)
    !!handler_copy                           0x08000104   Section       26  __scatter_copy.o(!!handler_copy)
    !!handler_zi                             0x08000120   Section       28  __scatter_zi.o(!!handler_zi)
    .ARM.Collect$$libinit$$00000000          0x0800013c   Section        2  libinit.o(.ARM.Collect$$libinit$$00000000)
    .ARM.Collect$$libinit$$00000002          0x0800013e   Section        0  libinit2.o(.ARM.Collect$$libinit$$00000002)
    .ARM.Collect$$libinit$$00000004          0x0800013e   Section        0  libinit2.o(.ARM.Collect$$libinit$$00000004)
    .ARM.Collect$$libinit$$0000000A          0x0800013e   Section        0  libinit2.o(.ARM.Collect$$libinit$$0000000A)
    .ARM.Collect$$libinit$$0000000C          0x0800013e   Section        0  libinit2.o(.ARM.Collect$$libinit$$0000000C)
    .ARM.Collect$$libinit$$0000000E          0x0800013e   Section        0  libinit2.o(.ARM.Collect$$libinit$$0000000E)
    .ARM.Collect$$libinit$$00000011          0x0800013e   Section        0  libinit2.o(.ARM.Collect$$libinit$$00000011)
    .ARM.Collect$$libinit$$00000013          0x0800013e   Section        0  libinit2.o(.ARM.Collect$$libinit$$00000013)
    .ARM.Collect$$libinit$$00000015          0x0800013e   Section        0  libinit2.o(.ARM.Collect$$libinit$$00000015)
    .ARM.Collect$$libinit$$00000017          0x0800013e   Section        0  libinit2.o(.ARM.Collect$$libinit$$00000017)
    .ARM.Collect$$libinit$$00000019          0x0800013e   Section        0  libinit2.o(.ARM.Collect$$libinit$$00000019)
    .ARM.Collect$$libinit$$0000001B          0x0800013e   Section        0  libinit2.o(.ARM.Collect$$libinit$$0000001B)
    .ARM.Collect$$libinit$$0000001D          0x0800013e   Section        0  libinit2.o(.ARM.Collect$$libinit$$0000001D)
    .ARM.Collect$$libinit$$0000001F          0x0800013e   Section        0  libinit2.o(.ARM.Collect$$libinit$$0000001F)
    .ARM.Collect$$libinit$$00000021          0x0800013e   Section        0  libinit2.o(.ARM.Collect$$libinit$$00000021)
    .ARM.Collect$$libinit$$00000023          0x0800013e   Section        0  libinit2.o(.ARM.Collect$$libinit$$00000023)
    .ARM.Collect$$libinit$$00000025          0x0800013e   Section        0  libinit2.o(.ARM.Collect$$libinit$$00000025)
    .ARM.Collect$$libinit$$0000002C          0x0800013e   Section        0  libinit2.o(.ARM.Collect$$libinit$$0000002C)
    .ARM.Collect$$libinit$$0000002E          0x0800013e   Section        0  libinit2.o(.ARM.Collect$$libinit$$0000002E)
    .ARM.Collect$$libinit$$00000030          0x0800013e   Section        0  libinit2.o(.ARM.Collect$$libinit$$00000030)
    .ARM.Collect$$libinit$$00000032          0x0800013e   Section        0  libinit2.o(.ARM.Collect$$libinit$$00000032)
    .ARM.Collect$$libinit$$00000033          0x0800013e   Section        2  libinit2.o(.ARM.Collect$$libinit$$00000033)
    .ARM.Collect$$libshutdown$$00000000      0x08000140   Section        2  libshutdown.o(.ARM.Collect$$libshutdown$$00000000)
    .ARM.Collect$$libshutdown$$00000002      0x08000142   Section        0  libshutdown2.o(.ARM.Collect$$libshutdown$$00000002)
    .ARM.Collect$$libshutdown$$00000004      0x08000142   Section        0  libshutdown2.o(.ARM.Collect$$libshutdown$$00000004)
    .ARM.Collect$$libshutdown$$00000006      0x08000142   Section        0  libshutdown2.o(.ARM.Collect$$libshutdown$$00000006)
    .ARM.Collect$$libshutdown$$00000009      0x08000142   Section        0  libshutdown2.o(.ARM.Collect$$libshutdown$$00000009)
    .ARM.Collect$$libshutdown$$0000000C      0x08000142   Section        0  libshutdown2.o(.ARM.Collect$$libshutdown$$0000000C)
    .ARM.Collect$$libshutdown$$0000000E      0x08000142   Section        0  libshutdown2.o(.ARM.Collect$$libshutdown$$0000000E)
    .ARM.Collect$$libshutdown$$00000011      0x08000142   Section        0  libshutdown2.o(.ARM.Collect$$libshutdown$$00000011)
    .ARM.Collect$$libshutdown$$00000012      0x08000142   Section        2  libshutdown2.o(.ARM.Collect$$libshutdown$$00000012)
    .ARM.Collect$$rtentry$$00000000          0x08000144   Section        0  __rtentry.o(.ARM.Collect$$rtentry$$00000000)
    .ARM.Collect$$rtentry$$00000002          0x08000144   Section        0  __rtentry2.o(.ARM.Collect$$rtentry$$00000002)
    .ARM.Collect$$rtentry$$00000004          0x08000144   Section        6  __rtentry4.o(.ARM.Collect$$rtentry$$00000004)
    .ARM.Collect$$rtentry$$00000009          0x0800014a   Section        0  __rtentry2.o(.ARM.Collect$$rtentry$$00000009)
    .ARM.Collect$$rtentry$$0000000A          0x0800014a   Section        4  __rtentry2.o(.ARM.Collect$$rtentry$$0000000A)
    .ARM.Collect$$rtentry$$0000000C          0x0800014e   Section        0  __rtentry2.o(.ARM.Collect$$rtentry$$0000000C)
    .ARM.Collect$$rtentry$$0000000D          0x0800014e   Section        8  __rtentry2.o(.ARM.Collect$$rtentry$$0000000D)
    .ARM.Collect$$rtexit$$00000000           0x08000156   Section        2  rtexit.o(.ARM.Collect$$rtexit$$00000000)
    .ARM.Collect$$rtexit$$00000002           0x08000158   Section        0  rtexit2.o(.ARM.Collect$$rtexit$$00000002)
    .ARM.Collect$$rtexit$$00000003           0x08000158   Section        4  rtexit2.o(.ARM.Collect$$rtexit$$00000003)
    .ARM.Collect$$rtexit$$00000004           0x0800015c   Section        6  rtexit2.o(.ARM.Collect$$rtexit$$00000004)
    .text                                    0x08000164   Section       56  startup_stm32g030xx.o(.text)
    .text                                    0x0800019c   Section        0  rt_memclr.o(.text)
    .text                                    0x080001dc   Section      346  aeabi_sdiv.o(.text)
    .text                                    0x08000336   Section        0  heapauxi.o(.text)
    .text                                    0x0800033c   Section       62  sys_stackheap_outer.o(.text)
    .text                                    0x0800037a   Section        0  exit.o(.text)
    .text                                    0x0800038c   Section        8  libspace.o(.text)
    .text                                    0x08000394   Section        0  sys_exit.o(.text)
    .text                                    0x080003a0   Section        2  use_no_semi.o(.text)
    .text                                    0x080003a2   Section        0  indicate_semi.o(.text)
    i.Beijing_Time_Display                   0x080003a4   Section        0  single_mode.o(i.Beijing_Time_Display)
    Beijing_Time_Display                     0x080003a5   Thumb Code   108  single_mode.o(i.Beijing_Time_Display)
    i.Beijing_Time_Init                      0x08000418   Section        0  single_mode.o(i.Beijing_Time_Init)
    i.Breath_Led                             0x08000428   Section        0  led.o(i.Breath_Led)
    i.Decode_Function                        0x08000490   Section        0  single_mode.o(i.Decode_Function)
    i.DisplayPanel_Ref_Handler               0x080004a0   Section        0  lcd.o(i.DisplayPanel_Ref_Handler)
    i.Display_Kill_Dry_Ster_Icon             0x08000f9c   Section        0  lcd.o(i.Display_Kill_Dry_Ster_Icon)
    Display_Kill_Dry_Ster_Icon               0x08000f9d   Thumb Code   170  lcd.o(i.Display_Kill_Dry_Ster_Icon)
    i.EXTI2_3_IRQHandler                     0x08001054   Section        0  stm32g0xx_it.o(i.EXTI2_3_IRQHandler)
    i.EXTI4_15_IRQHandler                    0x08001060   Section        0  stm32g0xx_it.o(i.EXTI4_15_IRQHandler)
    i.Error_Handler                          0x080010a0   Section        0  main.o(i.Error_Handler)
    i.HAL_DMA_Abort                          0x080010a4   Section        0  stm32g0xx_hal_dma.o(i.HAL_DMA_Abort)
    i.HAL_DMA_Abort_IT                       0x08001118   Section        0  stm32g0xx_hal_dma.o(i.HAL_DMA_Abort_IT)
    i.HAL_Delay                              0x08001194   Section        0  stm32g0xx_hal.o(i.HAL_Delay)
    i.HAL_GPIO_EXTI_Falling_Callback         0x080011b8   Section        0  stm32g0xx_hal_gpio.o(i.HAL_GPIO_EXTI_Falling_Callback)
    i.HAL_GPIO_EXTI_IRQHandler               0x080011bc   Section        0  stm32g0xx_hal_gpio.o(i.HAL_GPIO_EXTI_IRQHandler)
    i.HAL_GPIO_EXTI_Rising_Callback          0x080011e4   Section        0  key.o(i.HAL_GPIO_EXTI_Rising_Callback)
    i.HAL_GPIO_Init                          0x080011e8   Section        0  stm32g0xx_hal_gpio.o(i.HAL_GPIO_Init)
    i.HAL_GPIO_ReadPin                       0x08001344   Section        0  stm32g0xx_hal_gpio.o(i.HAL_GPIO_ReadPin)
    i.HAL_GPIO_TogglePin                     0x0800134e   Section        0  stm32g0xx_hal_gpio.o(i.HAL_GPIO_TogglePin)
    i.HAL_GPIO_WritePin                      0x0800135e   Section        0  stm32g0xx_hal_gpio.o(i.HAL_GPIO_WritePin)
    i.HAL_GetTick                            0x0800136c   Section        0  stm32g0xx_hal.o(i.HAL_GetTick)
    i.HAL_IncTick                            0x08001378   Section        0  stm32g0xx_hal.o(i.HAL_IncTick)
    i.HAL_Init                               0x08001388   Section        0  stm32g0xx_hal.o(i.HAL_Init)
    i.HAL_InitTick                           0x080013b0   Section        0  stm32g0xx_hal.o(i.HAL_InitTick)
    i.HAL_MspInit                            0x080013f8   Section        0  stm32g0xx_hal_msp.o(i.HAL_MspInit)
    i.HAL_NVIC_EnableIRQ                     0x08001424   Section        0  stm32g0xx_hal_cortex.o(i.HAL_NVIC_EnableIRQ)
    i.HAL_NVIC_SetPriority                   0x0800143c   Section        0  stm32g0xx_hal_cortex.o(i.HAL_NVIC_SetPriority)
    i.HAL_PWREx_ControlVoltageScaling        0x08001444   Section        0  stm32g0xx_hal_pwr_ex.o(i.HAL_PWREx_ControlVoltageScaling)
    i.HAL_RCCEx_PeriphCLKConfig              0x08001490   Section        0  stm32g0xx_hal_rcc_ex.o(i.HAL_RCCEx_PeriphCLKConfig)
    i.HAL_RCC_ClockConfig                    0x080015dc   Section        0  stm32g0xx_hal_rcc.o(i.HAL_RCC_ClockConfig)
    i.HAL_RCC_GetPCLK1Freq                   0x08001734   Section        0  stm32g0xx_hal_rcc.o(i.HAL_RCC_GetPCLK1Freq)
    i.HAL_RCC_GetSysClockFreq                0x0800175c   Section        0  stm32g0xx_hal_rcc.o(i.HAL_RCC_GetSysClockFreq)
    i.HAL_RCC_OscConfig                      0x080017e8   Section        0  stm32g0xx_hal_rcc.o(i.HAL_RCC_OscConfig)
    i.HAL_SYSTICK_Config                     0x08001bc0   Section        0  stm32g0xx_hal_cortex.o(i.HAL_SYSTICK_Config)
    i.HAL_TIMEx_Break2Callback               0x08001bf0   Section        0  stm32g0xx_hal_tim_ex.o(i.HAL_TIMEx_Break2Callback)
    i.HAL_TIMEx_BreakCallback                0x08001bf2   Section        0  stm32g0xx_hal_tim_ex.o(i.HAL_TIMEx_BreakCallback)
    i.HAL_TIMEx_CommutCallback               0x08001bf4   Section        0  stm32g0xx_hal_tim_ex.o(i.HAL_TIMEx_CommutCallback)
    i.HAL_TIMEx_MasterConfigSynchronization  0x08001bf8   Section        0  stm32g0xx_hal_tim_ex.o(i.HAL_TIMEx_MasterConfigSynchronization)
    i.HAL_TIM_Base_Init                      0x08001c5c   Section        0  stm32g0xx_hal_tim.o(i.HAL_TIM_Base_Init)
    i.HAL_TIM_Base_MspInit                   0x08001ca8   Section        0  tim.o(i.HAL_TIM_Base_MspInit)
    i.HAL_TIM_Base_Start_IT                  0x08001cdc   Section        0  stm32g0xx_hal_tim.o(i.HAL_TIM_Base_Start_IT)
    i.HAL_TIM_ConfigClockSource              0x08001d2c   Section        0  stm32g0xx_hal_tim.o(i.HAL_TIM_ConfigClockSource)
    i.HAL_TIM_IC_CaptureCallback             0x08001e0c   Section        0  stm32g0xx_hal_tim.o(i.HAL_TIM_IC_CaptureCallback)
    i.HAL_TIM_IRQHandler                     0x08001e10   Section        0  stm32g0xx_hal_tim.o(i.HAL_TIM_IRQHandler)
    i.HAL_TIM_OC_DelayElapsedCallback        0x08001f94   Section        0  stm32g0xx_hal_tim.o(i.HAL_TIM_OC_DelayElapsedCallback)
    i.HAL_TIM_PWM_PulseFinishedCallback      0x08001f96   Section        0  stm32g0xx_hal_tim.o(i.HAL_TIM_PWM_PulseFinishedCallback)
    i.HAL_TIM_PeriodElapsedCallback          0x08001f98   Section        0  run.o(i.HAL_TIM_PeriodElapsedCallback)
    i.HAL_TIM_TriggerCallback                0x08002068   Section        0  stm32g0xx_hal_tim.o(i.HAL_TIM_TriggerCallback)
    i.HAL_UARTEx_DisableFifoMode             0x0800206a   Section        0  stm32g0xx_hal_uart_ex.o(i.HAL_UARTEx_DisableFifoMode)
    i.HAL_UARTEx_RxEventCallback             0x080020a6   Section        0  stm32g0xx_hal_uart.o(i.HAL_UARTEx_RxEventCallback)
    i.HAL_UARTEx_RxFifoFullCallback          0x080020a8   Section        0  stm32g0xx_hal_uart_ex.o(i.HAL_UARTEx_RxFifoFullCallback)
    i.HAL_UARTEx_SetRxFifoThreshold          0x080020aa   Section        0  stm32g0xx_hal_uart_ex.o(i.HAL_UARTEx_SetRxFifoThreshold)
    i.HAL_UARTEx_SetTxFifoThreshold          0x080020f2   Section        0  stm32g0xx_hal_uart_ex.o(i.HAL_UARTEx_SetTxFifoThreshold)
    i.HAL_UARTEx_TxFifoEmptyCallback         0x08002138   Section        0  stm32g0xx_hal_uart_ex.o(i.HAL_UARTEx_TxFifoEmptyCallback)
    i.HAL_UARTEx_WakeupCallback              0x0800213a   Section        0  stm32g0xx_hal_uart_ex.o(i.HAL_UARTEx_WakeupCallback)
    i.HAL_UART_ErrorCallback                 0x0800213c   Section        0  stm32g0xx_hal_uart.o(i.HAL_UART_ErrorCallback)
    i.HAL_UART_IRQHandler                    0x08002140   Section        0  stm32g0xx_hal_uart.o(i.HAL_UART_IRQHandler)
    i.HAL_UART_Init                          0x08002428   Section        0  stm32g0xx_hal_uart.o(i.HAL_UART_Init)
    i.HAL_UART_MspInit                       0x08002494   Section        0  usart.o(i.HAL_UART_MspInit)
    i.HAL_UART_Receive_IT                    0x08002520   Section        0  stm32g0xx_hal_uart.o(i.HAL_UART_Receive_IT)
    i.HAL_UART_RxCpltCallback                0x08002584   Section        0  cmd_link.o(i.HAL_UART_RxCpltCallback)
    i.HAL_UART_Transmit_IT                   0x080026dc   Section        0  stm32g0xx_hal_uart.o(i.HAL_UART_Transmit_IT)
    i.HAL_UART_TxCpltCallback                0x0800279c   Section        0  cmd_link.o(i.HAL_UART_TxCpltCallback)
    i.HardFault_Handler                      0x080027b4   Section        0  stm32g0xx_it.o(i.HardFault_Handler)
    i.KEY_Scan                               0x080027b8   Section        0  key.o(i.KEY_Scan)
    i.LCD_DisplayNumber_OneTwo_Icon_Handler  0x080028cc   Section        0  lcd.o(i.LCD_DisplayNumber_OneTwo_Icon_Handler)
    LCD_DisplayNumber_OneTwo_Icon_Handler    0x080028cd   Thumb Code   488  lcd.o(i.LCD_DisplayNumber_OneTwo_Icon_Handler)
    i.LCD_Display_Wind_Icon_Handler          0x08002acc   Section        0  lcd.o(i.LCD_Display_Wind_Icon_Handler)
    i.Lcd_PowerOff_Fun                       0x08002be4   Section        0  led.o(i.Lcd_PowerOff_Fun)
    i.Lcd_PowerOn_Fun                        0x08002c18   Section        0  led.o(i.Lcd_PowerOn_Fun)
    i.MX_GPIO_Init                           0x08002c44   Section        0  gpio.o(i.MX_GPIO_Init)
    i.MX_TIM3_Init                           0x08002d00   Section        0  tim.o(i.MX_TIM3_Init)
    i.MX_USART1_UART_Init                    0x08002d70   Section        0  usart.o(i.MX_USART1_UART_Init)
    i.NMI_Handler                            0x08002dd8   Section        0  stm32g0xx_it.o(i.NMI_Handler)
    i.PendSV_Handler                         0x08002dda   Section        0  stm32g0xx_it.o(i.PendSV_Handler)
    i.Power_Off_Fun                          0x08002ddc   Section        0  single_mode.o(i.Power_Off_Fun)
    i.Power_On_Fun                           0x08002e00   Section        0  single_mode.o(i.Power_On_Fun)
    Power_On_Fun                             0x08002e01   Thumb Code    84  single_mode.o(i.Power_On_Fun)
    i.Process_Key_Handler                    0x08002e5c   Section        0  single_mode.o(i.Process_Key_Handler)
    i.Receive_MainBoard_Data_Handler         0x08003054   Section        0  single_mode.o(i.Receive_MainBoard_Data_Handler)
    i.Receive_Wifi_Cmd                       0x080031a0   Section        0  single_mode.o(i.Receive_Wifi_Cmd)
    Receive_Wifi_Cmd                         0x080031a1   Thumb Code   218  single_mode.o(i.Receive_Wifi_Cmd)
    i.RunPocess_Command_Handler              0x08003280   Section        0  single_mode.o(i.RunPocess_Command_Handler)
    i.SVC_Handler                            0x08003484   Section        0  stm32g0xx_it.o(i.SVC_Handler)
    i.SendData_Buzzer                        0x08003488   Section        0  cmd_link.o(i.SendData_Buzzer)
    i.SendData_PowerOnOff                    0x080034bc   Section        0  cmd_link.o(i.SendData_PowerOnOff)
    i.SendData_Set_Command                   0x080034f0   Section        0  cmd_link.o(i.SendData_Set_Command)
    i.SendData_Set_Wifi                      0x08003524   Section        0  cmd_link.o(i.SendData_Set_Wifi)
    i.SendData_Temp_Data                     0x08003558   Section        0  cmd_link.o(i.SendData_Temp_Data)
    i.SendData_Time_Data                     0x0800358c   Section        0  cmd_link.o(i.SendData_Time_Data)
    i.Setup_Timer_Times                      0x080035c0   Section        0  single_mode.o(i.Setup_Timer_Times)
    Setup_Timer_Times                        0x080035c1   Thumb Code   130  single_mode.o(i.Setup_Timer_Times)
    i.Setup_Timer_Times_Donot_Display        0x0800364c   Section        0  single_mode.o(i.Setup_Timer_Times_Donot_Display)
    i.Single_SendBuzzer_RunCmd               0x080036a0   Section        0  single_mode.o(i.Single_SendBuzzer_RunCmd)
    i.SysTick_Handler                        0x080036ac   Section        0  stm32g0xx_it.o(i.SysTick_Handler)
    i.SystemClock_Config                     0x080036b4   Section        0  main.o(i.SystemClock_Config)
    i.SystemInit                             0x0800371e   Section        0  system_stm32g0xx.o(i.SystemInit)
    i.TIM1723_Write_Cmd                      0x08003720   Section        0  lcd.o(i.TIM1723_Write_Cmd)
    i.TIM3_IRQHandler                        0x08003750   Section        0  stm32g0xx_it.o(i.TIM3_IRQHandler)
    i.TIM_Base_SetConfig                     0x08003760   Section        0  stm32g0xx_hal_tim.o(i.TIM_Base_SetConfig)
    i.TIM_ETR_SetConfig                      0x080037d8   Section        0  stm32g0xx_hal_tim.o(i.TIM_ETR_SetConfig)
    i.TIM_ITRx_SetConfig                     0x080037f0   Section        0  stm32g0xx_hal_tim.o(i.TIM_ITRx_SetConfig)
    TIM_ITRx_SetConfig                       0x080037f1   Thumb Code    16  stm32g0xx_hal_tim.o(i.TIM_ITRx_SetConfig)
    i.TIM_TI1_ConfigInputStage               0x08003804   Section        0  stm32g0xx_hal_tim.o(i.TIM_TI1_ConfigInputStage)
    TIM_TI1_ConfigInputStage                 0x08003805   Thumb Code    34  stm32g0xx_hal_tim.o(i.TIM_TI1_ConfigInputStage)
    i.TIM_TI2_ConfigInputStage               0x08003826   Section        0  stm32g0xx_hal_tim.o(i.TIM_TI2_ConfigInputStage)
    TIM_TI2_ConfigInputStage                 0x08003827   Thumb Code    38  stm32g0xx_hal_tim.o(i.TIM_TI2_ConfigInputStage)
    i.TM1723_Write_Display_Data              0x0800384c   Section        0  lcd.o(i.TM1723_Write_Display_Data)
    TM1723_Write_Display_Data                0x0800384d   Thumb Code    54  lcd.o(i.TM1723_Write_Display_Data)
    i.TM1723_Write_OneByte                   0x08003882   Section        0  lcd.o(i.TM1723_Write_OneByte)
    TM1723_Write_OneByte                     0x08003883   Thumb Code    72  lcd.o(i.TM1723_Write_OneByte)
    i.UARTEx_SetNbDataToProcess              0x080038cc   Section        0  stm32g0xx_hal_uart_ex.o(i.UARTEx_SetNbDataToProcess)
    UARTEx_SetNbDataToProcess                0x080038cd   Thumb Code    62  stm32g0xx_hal_uart_ex.o(i.UARTEx_SetNbDataToProcess)
    i.UART_AdvFeatureConfig                  0x08003910   Section        0  stm32g0xx_hal_uart.o(i.UART_AdvFeatureConfig)
    i.UART_CheckIdleState                    0x080039dc   Section        0  stm32g0xx_hal_uart.o(i.UART_CheckIdleState)
    i.UART_DMAAbortOnError                   0x08003a40   Section        0  stm32g0xx_hal_uart.o(i.UART_DMAAbortOnError)
    UART_DMAAbortOnError                     0x08003a41   Thumb Code    20  stm32g0xx_hal_uart.o(i.UART_DMAAbortOnError)
    i.UART_EndRxTransfer                     0x08003a54   Section        0  stm32g0xx_hal_uart.o(i.UART_EndRxTransfer)
    UART_EndRxTransfer                       0x08003a55   Thumb Code    96  stm32g0xx_hal_uart.o(i.UART_EndRxTransfer)
    i.UART_RxISR_16BIT                       0x08003ab8   Section        0  stm32g0xx_hal_uart.o(i.UART_RxISR_16BIT)
    UART_RxISR_16BIT                         0x08003ab9   Thumb Code   172  stm32g0xx_hal_uart.o(i.UART_RxISR_16BIT)
    i.UART_RxISR_16BIT_FIFOEN                0x08003b64   Section        0  stm32g0xx_hal_uart.o(i.UART_RxISR_16BIT_FIFOEN)
    UART_RxISR_16BIT_FIFOEN                  0x08003b65   Thumb Code   388  stm32g0xx_hal_uart.o(i.UART_RxISR_16BIT_FIFOEN)
    i.UART_RxISR_8BIT                        0x08003cf0   Section        0  stm32g0xx_hal_uart.o(i.UART_RxISR_8BIT)
    UART_RxISR_8BIT                          0x08003cf1   Thumb Code   172  stm32g0xx_hal_uart.o(i.UART_RxISR_8BIT)
    i.UART_RxISR_8BIT_FIFOEN                 0x08003d9c   Section        0  stm32g0xx_hal_uart.o(i.UART_RxISR_8BIT_FIFOEN)
    UART_RxISR_8BIT_FIFOEN                   0x08003d9d   Thumb Code   388  stm32g0xx_hal_uart.o(i.UART_RxISR_8BIT_FIFOEN)
    i.UART_SetConfig                         0x08003f28   Section        0  stm32g0xx_hal_uart.o(i.UART_SetConfig)
    i.UART_Start_Receive_IT                  0x08004090   Section        0  stm32g0xx_hal_uart.o(i.UART_Start_Receive_IT)
    i.UART_TxISR_16BIT                       0x080041c4   Section        0  stm32g0xx_hal_uart.o(i.UART_TxISR_16BIT)
    UART_TxISR_16BIT                         0x080041c5   Thumb Code    96  stm32g0xx_hal_uart.o(i.UART_TxISR_16BIT)
    i.UART_TxISR_16BIT_FIFOEN                0x08004224   Section        0  stm32g0xx_hal_uart.o(i.UART_TxISR_16BIT_FIFOEN)
    UART_TxISR_16BIT_FIFOEN                  0x08004225   Thumb Code   116  stm32g0xx_hal_uart.o(i.UART_TxISR_16BIT_FIFOEN)
    i.UART_TxISR_8BIT                        0x08004298   Section        0  stm32g0xx_hal_uart.o(i.UART_TxISR_8BIT)
    UART_TxISR_8BIT                          0x08004299   Thumb Code    92  stm32g0xx_hal_uart.o(i.UART_TxISR_8BIT)
    i.UART_TxISR_8BIT_FIFOEN                 0x080042f4   Section        0  stm32g0xx_hal_uart.o(i.UART_TxISR_8BIT_FIFOEN)
    UART_TxISR_8BIT_FIFOEN                   0x080042f5   Thumb Code   112  stm32g0xx_hal_uart.o(i.UART_TxISR_8BIT_FIFOEN)
    i.UART_WaitOnFlagUntilTimeout            0x08004364   Section        0  stm32g0xx_hal_uart.o(i.UART_WaitOnFlagUntilTimeout)
    i.USART1_Cmd_Error_Handler               0x08004438   Section        0  cmd_link.o(i.USART1_Cmd_Error_Handler)
    i.USART1_IRQHandler                      0x08004478   Section        0  stm32g0xx_it.o(i.USART1_IRQHandler)
    i.Works_Counter_Time                     0x08004488   Section        0  single_mode.o(i.Works_Counter_Time)
    Works_Counter_Time                       0x08004489   Thumb Code    62  single_mode.o(i.Works_Counter_Time)
    i.__ARM_common_switch8                   0x080044cc   Section        0  cmd_link.o(i.__ARM_common_switch8)
    i.__NVIC_SetPriority                     0x080044e8   Section        0  stm32g0xx_hal_cortex.o(i.__NVIC_SetPriority)
    __NVIC_SetPriority                       0x080044e9   Thumb Code    60  stm32g0xx_hal_cortex.o(i.__NVIC_SetPriority)
    i.delay_us                               0x0800452c   Section        0  delay.o(i.delay_us)
    i.main                                   0x08004560   Section        0  main.o(i.main)
    .constdata                               0x0800460c   Section      169  lcd.o(.constdata)
    lcdNumber2_Low                           0x08004622   Data          10  lcd.o(.constdata)
    lcdNumber2_High                          0x0800462c   Data          10  lcd.o(.constdata)
    lcdNumber3_Low                           0x08004636   Data          10  lcd.o(.constdata)
    lcdNumber3_High                          0x08004640   Data          10  lcd.o(.constdata)
    lcdNumber4_Low                           0x0800464a   Data          10  lcd.o(.constdata)
    lcdNumber4_High                          0x08004654   Data          10  lcd.o(.constdata)
    lcdNumber5_Low                           0x0800465e   Data          10  lcd.o(.constdata)
    lcdNumber5_High                          0x08004668   Data          11  lcd.o(.constdata)
    lcdNumber6_Low                           0x08004673   Data          11  lcd.o(.constdata)
    lcdNumber6_High                          0x0800467e   Data          11  lcd.o(.constdata)
    lcdNumber7_Low                           0x08004689   Data          11  lcd.o(.constdata)
    lcdNumber7_High                          0x08004694   Data          11  lcd.o(.constdata)
    lcdNumber8_Low                           0x0800469f   Data          11  lcd.o(.constdata)
    lcdNumber8_High                          0x080046aa   Data          11  lcd.o(.constdata)
    .constdata                               0x080046b6   Section       24  stm32g0xx_hal_uart.o(.constdata)
    .constdata                               0x080046ce   Section       16  stm32g0xx_hal_uart_ex.o(.constdata)
    numerator                                0x080046ce   Data           8  stm32g0xx_hal_uart_ex.o(.constdata)
    denominator                              0x080046d6   Data           8  stm32g0xx_hal_uart_ex.o(.constdata)
    .constdata                               0x080046e0   Section       64  system_stm32g0xx.o(.constdata)
    .constdata                               0x08004720   Section       32  system_stm32g0xx.o(.constdata)
    .data                                    0x20000000   Section       20  cmd_link.o(.data)
    power_error                              0x20000000   Data           1  cmd_link.o(.data)
    transOngoingFlag                         0x20000001   Data           1  cmd_link.o(.data)
    transferSize                             0x20000002   Data           1  cmd_link.o(.data)
    state                                    0x20000003   Data           1  cmd_link.o(.data)
    .data                                    0x20000014   Section        4  delay.o(.data)
    .data                                    0x20000018   Section        2  lcd.o(.data)
    timer_timg_flag                          0x20000018   Data           1  lcd.o(.data)
    number_blink_times                       0x20000019   Data           1  lcd.o(.data)
    .data                                    0x2000001c   Section        8  led.o(.data)
    k                                        0x2000001c   Data           4  led.o(.data)
    .data                                    0x20000024   Section        2  run.o(.data)
    tm0                                      0x20000024   Data           1  run.o(.data)
    tm1                                      0x20000025   Data           1  run.o(.data)
    .data                                    0x20000028   Section       36  single_mode.o(.data)
    power_on_fisrt_flag                      0x20000028   Data           1  single_mode.o(.data)
    display_model                            0x20000029   Data           1  single_mode.o(.data)
    temp_bit_1_hours                         0x2000002a   Data           1  single_mode.o(.data)
    temp_bit_2_hours                         0x2000002b   Data           1  single_mode.o(.data)
    temp_bit_1_minute                        0x2000002c   Data           1  single_mode.o(.data)
    temp_bit_2_minute                        0x2000002d   Data           1  single_mode.o(.data)
    temp1                                    0x2000002e   Data           1  single_mode.o(.data)
    temp2                                    0x2000002f   Data           1  single_mode.o(.data)
    key_set_temp_flag                        0x20000030   Data           1  single_mode.o(.data)
    link_wifi_success                        0x20000031   Data           1  single_mode.o(.data)
    power_off_flag                           0x20000032   Data           1  single_mode.o(.data)
    power_on_fisrt_send_temperature_value    0x20000033   Data           1  single_mode.o(.data)
    temperature_decade                       0x20000034   Data           1  single_mode.o(.data)
    temperature_unit                         0x20000035   Data           1  single_mode.o(.data)
    hum1                                     0x20000036   Data           1  single_mode.o(.data)
    hum2                                     0x20000037   Data           1  single_mode.o(.data)
    temp1                                    0x20000038   Data           1  single_mode.o(.data)
    temp2                                    0x20000039   Data           1  single_mode.o(.data)
    .data                                    0x2000004c   Section       12  stm32g0xx_hal.o(.data)
    .data                                    0x20000058   Section        4  system_stm32g0xx.o(.data)
    .bss                                     0x2000005c   Section       76  tim.o(.bss)
    .bss                                     0x200000a8   Section      144  usart.o(.bss)
    .bss                                     0x20000138   Section       20  key.o(.bss)
    .bss                                     0x2000014c   Section       21  lcd.o(.bss)
    .bss                                     0x20000164   Section       92  run.o(.bss)
    .bss                                     0x200001c0   Section       96  libspace.o(.bss)
    HEAP                                     0x20000220   Section      512  startup_stm32g030xx.o(HEAP)
    Heap_Mem                                 0x20000220   Data         512  startup_stm32g030xx.o(HEAP)
    STACK                                    0x20000420   Section     1024  startup_stm32g030xx.o(STACK)
    Stack_Mem                                0x20000420   Data        1024  startup_stm32g030xx.o(STACK)
    __initial_sp                             0x20000820   Data           0  startup_stm32g030xx.o(STACK)

    Global Symbols

    Symbol Name                              Value     Ov Type        Size  Object(Section)

    BuildAttributes$$THM_ISAv3M$S$PE$A:L22$X:L11$S22$IEEE1$IW$USESV6$~STKCKD$USESV7$~SHL$OSPACE$ROPI$EBA8$UX$STANDARDLIB$REQ8$PRES8$EABIv2 0x00000000   Number         0  anon$$obj.o ABSOLUTE
    __ARM_use_no_argv                        0x00000000   Number         0  main.o ABSOLUTE
    __ARM_exceptions_init                     - Undefined Weak Reference
    __alloca_initialize                       - Undefined Weak Reference
    __arm_fini_                               - Undefined Weak Reference
    __arm_preinit_                            - Undefined Weak Reference
    __cpp_initialize__aeabi_                  - Undefined Weak Reference
    __cxa_finalize                            - Undefined Weak Reference
    __rt_locale                               - Undefined Weak Reference
    __sigvec_lookup                           - Undefined Weak Reference
    _atexit_init                              - Undefined Weak Reference
    _call_atexit_fns                          - Undefined Weak Reference
    _clock_init                               - Undefined Weak Reference
    _fp_trap_init                             - Undefined Weak Reference
    _fp_trap_shutdown                         - Undefined Weak Reference
    _get_lc_collate                           - Undefined Weak Reference
    _get_lc_ctype                             - Undefined Weak Reference
    _get_lc_monetary                          - Undefined Weak Reference
    _get_lc_numeric                           - Undefined Weak Reference
    _get_lc_time                              - Undefined Weak Reference
    _getenv_init                              - Undefined Weak Reference
    _handle_redirection                       - Undefined Weak Reference
    _init_alloc                               - Undefined Weak Reference
    _init_user_alloc                          - Undefined Weak Reference
    _initio                                   - Undefined Weak Reference
    _rand_init                                - Undefined Weak Reference
    _signal_finish                            - Undefined Weak Reference
    _signal_init                              - Undefined Weak Reference
    _terminate_alloc                          - Undefined Weak Reference
    _terminate_user_alloc                     - Undefined Weak Reference
    _terminateio                              - Undefined Weak Reference
    __Vectors_Size                           0x000000c0   Number         0  startup_stm32g030xx.o ABSOLUTE
    __Vectors                                0x08000000   Data           4  startup_stm32g030xx.o(RESET)
    __Vectors_End                            0x080000c0   Data           0  startup_stm32g030xx.o(RESET)
    __main                                   0x080000c1   Thumb Code     8  __main.o(!!!main)
    __scatterload                            0x080000c9   Thumb Code     0  __scatter.o(!!!scatter)
    __scatterload_rt2                        0x080000c9   Thumb Code    52  __scatter.o(!!!scatter)
    __scatterload_rt2_thumb_only             0x080000c9   Thumb Code     0  __scatter.o(!!!scatter)
    __scatterload_null                       0x080000d9   Thumb Code     0  __scatter.o(!!!scatter)
    __scatterload_copy                       0x08000105   Thumb Code    26  __scatter_copy.o(!!handler_copy)
    __scatterload_zeroinit                   0x08000121   Thumb Code    28  __scatter_zi.o(!!handler_zi)
    __rt_lib_init                            0x0800013d   Thumb Code     0  libinit.o(.ARM.Collect$$libinit$$00000000)
    __rt_lib_init_alloca_1                   0x0800013f   Thumb Code     0  libinit2.o(.ARM.Collect$$libinit$$0000002E)
    __rt_lib_init_argv_1                     0x0800013f   Thumb Code     0  libinit2.o(.ARM.Collect$$libinit$$0000002C)
    __rt_lib_init_atexit_1                   0x0800013f   Thumb Code     0  libinit2.o(.ARM.Collect$$libinit$$0000001B)
    __rt_lib_init_clock_1                    0x0800013f   Thumb Code     0  libinit2.o(.ARM.Collect$$libinit$$00000021)
    __rt_lib_init_cpp_1                      0x0800013f   Thumb Code     0  libinit2.o(.ARM.Collect$$libinit$$00000032)
    __rt_lib_init_exceptions_1               0x0800013f   Thumb Code     0  libinit2.o(.ARM.Collect$$libinit$$00000030)
    __rt_lib_init_fp_1                       0x0800013f   Thumb Code     0  libinit2.o(.ARM.Collect$$libinit$$00000002)
    __rt_lib_init_fp_trap_1                  0x0800013f   Thumb Code     0  libinit2.o(.ARM.Collect$$libinit$$0000001F)
    __rt_lib_init_getenv_1                   0x0800013f   Thumb Code     0  libinit2.o(.ARM.Collect$$libinit$$00000023)
    __rt_lib_init_heap_1                     0x0800013f   Thumb Code     0  libinit2.o(.ARM.Collect$$libinit$$0000000A)
    __rt_lib_init_lc_collate_1               0x0800013f   Thumb Code     0  libinit2.o(.ARM.Collect$$libinit$$00000011)
    __rt_lib_init_lc_ctype_1                 0x0800013f   Thumb Code     0  libinit2.o(.ARM.Collect$$libinit$$00000013)
    __rt_lib_init_lc_monetary_1              0x0800013f   Thumb Code     0  libinit2.o(.ARM.Collect$$libinit$$00000015)
    __rt_lib_init_lc_numeric_1               0x0800013f   Thumb Code     0  libinit2.o(.ARM.Collect$$libinit$$00000017)
    __rt_lib_init_lc_time_1                  0x0800013f   Thumb Code     0  libinit2.o(.ARM.Collect$$libinit$$00000019)
    __rt_lib_init_preinit_1                  0x0800013f   Thumb Code     0  libinit2.o(.ARM.Collect$$libinit$$00000004)
    __rt_lib_init_rand_1                     0x0800013f   Thumb Code     0  libinit2.o(.ARM.Collect$$libinit$$0000000E)
    __rt_lib_init_return                     0x0800013f   Thumb Code     0  libinit2.o(.ARM.Collect$$libinit$$00000033)
    __rt_lib_init_signal_1                   0x0800013f   Thumb Code     0  libinit2.o(.ARM.Collect$$libinit$$0000001D)
    __rt_lib_init_stdio_1                    0x0800013f   Thumb Code     0  libinit2.o(.ARM.Collect$$libinit$$00000025)
    __rt_lib_init_user_alloc_1               0x0800013f   Thumb Code     0  libinit2.o(.ARM.Collect$$libinit$$0000000C)
    __rt_lib_shutdown                        0x08000141   Thumb Code     0  libshutdown.o(.ARM.Collect$$libshutdown$$00000000)
    __rt_lib_shutdown_cpp_1                  0x08000143   Thumb Code     0  libshutdown2.o(.ARM.Collect$$libshutdown$$00000004)
    __rt_lib_shutdown_fini_1                 0x08000143   Thumb Code     0  libshutdown2.o(.ARM.Collect$$libshutdown$$00000002)
    __rt_lib_shutdown_fp_trap_1              0x08000143   Thumb Code     0  libshutdown2.o(.ARM.Collect$$libshutdown$$00000009)
    __rt_lib_shutdown_heap_1                 0x08000143   Thumb Code     0  libshutdown2.o(.ARM.Collect$$libshutdown$$00000011)
    __rt_lib_shutdown_return                 0x08000143   Thumb Code     0  libshutdown2.o(.ARM.Collect$$libshutdown$$00000012)
    __rt_lib_shutdown_signal_1               0x08000143   Thumb Code     0  libshutdown2.o(.ARM.Collect$$libshutdown$$0000000C)
    __rt_lib_shutdown_stdio_1                0x08000143   Thumb Code     0  libshutdown2.o(.ARM.Collect$$libshutdown$$00000006)
    __rt_lib_shutdown_user_alloc_1           0x08000143   Thumb Code     0  libshutdown2.o(.ARM.Collect$$libshutdown$$0000000E)
    __rt_entry                               0x08000145   Thumb Code     0  __rtentry.o(.ARM.Collect$$rtentry$$00000000)
    __rt_entry_presh_1                       0x08000145   Thumb Code     0  __rtentry2.o(.ARM.Collect$$rtentry$$00000002)
    __rt_entry_sh                            0x08000145   Thumb Code     0  __rtentry4.o(.ARM.Collect$$rtentry$$00000004)
    __rt_entry_li                            0x0800014b   Thumb Code     0  __rtentry2.o(.ARM.Collect$$rtentry$$0000000A)
    __rt_entry_postsh_1                      0x0800014b   Thumb Code     0  __rtentry2.o(.ARM.Collect$$rtentry$$00000009)
    __rt_entry_main                          0x0800014f   Thumb Code     0  __rtentry2.o(.ARM.Collect$$rtentry$$0000000D)
    __rt_entry_postli_1                      0x0800014f   Thumb Code     0  __rtentry2.o(.ARM.Collect$$rtentry$$0000000C)
    __rt_exit                                0x08000157   Thumb Code     0  rtexit.o(.ARM.Collect$$rtexit$$00000000)
    __rt_exit_ls                             0x08000159   Thumb Code     0  rtexit2.o(.ARM.Collect$$rtexit$$00000003)
    __rt_exit_prels_1                        0x08000159   Thumb Code     0  rtexit2.o(.ARM.Collect$$rtexit$$00000002)
    __rt_exit_exit                           0x0800015d   Thumb Code     0  rtexit2.o(.ARM.Collect$$rtexit$$00000004)
    Reset_Handler                            0x08000165   Thumb Code     8  startup_stm32g030xx.o(.text)
    ADC1_IRQHandler                          0x08000177   Thumb Code     0  startup_stm32g030xx.o(.text)
    DMA1_Ch4_5_DMAMUX1_OVR_IRQHandler        0x08000177   Thumb Code     0  startup_stm32g030xx.o(.text)
    DMA1_Channel1_IRQHandler                 0x08000177   Thumb Code     0  startup_stm32g030xx.o(.text)
    DMA1_Channel2_3_IRQHandler               0x08000177   Thumb Code     0  startup_stm32g030xx.o(.text)
    EXTI0_1_IRQHandler                       0x08000177   Thumb Code     0  startup_stm32g030xx.o(.text)
    FLASH_IRQHandler                         0x08000177   Thumb Code     0  startup_stm32g030xx.o(.text)
    I2C1_IRQHandler                          0x08000177   Thumb Code     0  startup_stm32g030xx.o(.text)
    I2C2_IRQHandler                          0x08000177   Thumb Code     0  startup_stm32g030xx.o(.text)
    RCC_IRQHandler                           0x08000177   Thumb Code     0  startup_stm32g030xx.o(.text)
    RTC_TAMP_IRQHandler                      0x08000177   Thumb Code     0  startup_stm32g030xx.o(.text)
    SPI1_IRQHandler                          0x08000177   Thumb Code     0  startup_stm32g030xx.o(.text)
    SPI2_IRQHandler                          0x08000177   Thumb Code     0  startup_stm32g030xx.o(.text)
    TIM14_IRQHandler                         0x08000177   Thumb Code     0  startup_stm32g030xx.o(.text)
    TIM16_IRQHandler                         0x08000177   Thumb Code     0  startup_stm32g030xx.o(.text)
    TIM17_IRQHandler                         0x08000177   Thumb Code     0  startup_stm32g030xx.o(.text)
    TIM1_BRK_UP_TRG_COM_IRQHandler           0x08000177   Thumb Code     0  startup_stm32g030xx.o(.text)
    TIM1_CC_IRQHandler                       0x08000177   Thumb Code     0  startup_stm32g030xx.o(.text)
    USART2_IRQHandler                        0x08000177   Thumb Code     0  startup_stm32g030xx.o(.text)
    WWDG_IRQHandler                          0x08000177   Thumb Code     0  startup_stm32g030xx.o(.text)
    __user_initial_stackheap                 0x08000179   Thumb Code     0  startup_stm32g030xx.o(.text)
    _memset_w                                0x0800019d   Thumb Code    26  rt_memclr.o(.text)
    _memset                                  0x080001b7   Thumb Code    30  rt_memclr.o(.text)
    __aeabi_memclr                           0x080001d5   Thumb Code     4  rt_memclr.o(.text)
    __rt_memclr                              0x080001d5   Thumb Code     0  rt_memclr.o(.text)
    __aeabi_memclr4                          0x080001d9   Thumb Code     0  rt_memclr.o(.text)
    __aeabi_memclr8                          0x080001d9   Thumb Code     0  rt_memclr.o(.text)
    __rt_memclr_w                            0x080001d9   Thumb Code     4  rt_memclr.o(.text)
    __aeabi_uidiv                            0x080001dd   Thumb Code     0  aeabi_sdiv.o(.text)
    __aeabi_uidivmod                         0x080001dd   Thumb Code    20  aeabi_sdiv.o(.text)
    __aeabi_idiv                             0x080001f1   Thumb Code     0  aeabi_sdiv.o(.text)
    __aeabi_idivmod                          0x080001f1   Thumb Code   326  aeabi_sdiv.o(.text)
    __use_two_region_memory                  0x08000337   Thumb Code     2  heapauxi.o(.text)
    __rt_heap_escrow$2region                 0x08000339   Thumb Code     2  heapauxi.o(.text)
    __rt_heap_expand$2region                 0x0800033b   Thumb Code     2  heapauxi.o(.text)
    __user_setup_stackheap                   0x0800033d   Thumb Code    62  sys_stackheap_outer.o(.text)
    exit                                     0x0800037b   Thumb Code    16  exit.o(.text)
    __user_libspace                          0x0800038d   Thumb Code     8  libspace.o(.text)
    __user_perproc_libspace                  0x0800038d   Thumb Code     0  libspace.o(.text)
    __user_perthread_libspace                0x0800038d   Thumb Code     0  libspace.o(.text)
    _sys_exit                                0x08000395   Thumb Code     8  sys_exit.o(.text)
    __I$use$semihosting                      0x080003a1   Thumb Code     0  use_no_semi.o(.text)
    __use_no_semihosting_swi                 0x080003a1   Thumb Code     2  use_no_semi.o(.text)
    __semihosting_library_function           0x080003a3   Thumb Code     0  indicate_semi.o(.text)
    Beijing_Time_Init                        0x08000419   Thumb Code     8  single_mode.o(i.Beijing_Time_Init)
    Breath_Led                               0x08000429   Thumb Code    88  led.o(i.Breath_Led)
    Decode_Function                          0x08000491   Thumb Code    12  single_mode.o(i.Decode_Function)
    DisplayPanel_Ref_Handler                 0x080004a1   Thumb Code  2802  lcd.o(i.DisplayPanel_Ref_Handler)
    EXTI2_3_IRQHandler                       0x08001055   Thumb Code    10  stm32g0xx_it.o(i.EXTI2_3_IRQHandler)
    EXTI4_15_IRQHandler                      0x08001061   Thumb Code    54  stm32g0xx_it.o(i.EXTI4_15_IRQHandler)
    Error_Handler                            0x080010a1   Thumb Code     4  main.o(i.Error_Handler)
    HAL_DMA_Abort                            0x080010a5   Thumb Code   112  stm32g0xx_hal_dma.o(i.HAL_DMA_Abort)
    HAL_DMA_Abort_IT                         0x08001119   Thumb Code   118  stm32g0xx_hal_dma.o(i.HAL_DMA_Abort_IT)
    HAL_Delay                                0x08001195   Thumb Code    32  stm32g0xx_hal.o(i.HAL_Delay)
    HAL_GPIO_EXTI_Falling_Callback           0x080011b9   Thumb Code     2  stm32g0xx_hal_gpio.o(i.HAL_GPIO_EXTI_Falling_Callback)
    HAL_GPIO_EXTI_IRQHandler                 0x080011bd   Thumb Code    36  stm32g0xx_hal_gpio.o(i.HAL_GPIO_EXTI_IRQHandler)
    HAL_GPIO_EXTI_Rising_Callback            0x080011e5   Thumb Code     2  key.o(i.HAL_GPIO_EXTI_Rising_Callback)
    HAL_GPIO_Init                            0x080011e9   Thumb Code   330  stm32g0xx_hal_gpio.o(i.HAL_GPIO_Init)
    HAL_GPIO_ReadPin                         0x08001345   Thumb Code    10  stm32g0xx_hal_gpio.o(i.HAL_GPIO_ReadPin)
    HAL_GPIO_TogglePin                       0x0800134f   Thumb Code    16  stm32g0xx_hal_gpio.o(i.HAL_GPIO_TogglePin)
    HAL_GPIO_WritePin                        0x0800135f   Thumb Code    12  stm32g0xx_hal_gpio.o(i.HAL_GPIO_WritePin)
    HAL_GetTick                              0x0800136d   Thumb Code     6  stm32g0xx_hal.o(i.HAL_GetTick)
    HAL_IncTick                              0x08001379   Thumb Code    12  stm32g0xx_hal.o(i.HAL_IncTick)
    HAL_Init                                 0x08001389   Thumb Code    36  stm32g0xx_hal.o(i.HAL_Init)
    HAL_InitTick                             0x080013b1   Thumb Code    64  stm32g0xx_hal.o(i.HAL_InitTick)
    HAL_MspInit                              0x080013f9   Thumb Code    38  stm32g0xx_hal_msp.o(i.HAL_MspInit)
    HAL_NVIC_EnableIRQ                       0x08001425   Thumb Code    18  stm32g0xx_hal_cortex.o(i.HAL_NVIC_EnableIRQ)
    HAL_NVIC_SetPriority                     0x0800143d   Thumb Code     8  stm32g0xx_hal_cortex.o(i.HAL_NVIC_SetPriority)
    HAL_PWREx_ControlVoltageScaling          0x08001445   Thumb Code    62  stm32g0xx_hal_pwr_ex.o(i.HAL_PWREx_ControlVoltageScaling)
    HAL_RCCEx_PeriphCLKConfig                0x08001491   Thumb Code   320  stm32g0xx_hal_rcc_ex.o(i.HAL_RCCEx_PeriphCLKConfig)
    HAL_RCC_ClockConfig                      0x080015dd   Thumb Code   318  stm32g0xx_hal_rcc.o(i.HAL_RCC_ClockConfig)
    HAL_RCC_GetPCLK1Freq                     0x08001735   Thumb Code    26  stm32g0xx_hal_rcc.o(i.HAL_RCC_GetPCLK1Freq)
    HAL_RCC_GetSysClockFreq                  0x0800175d   Thumb Code   130  stm32g0xx_hal_rcc.o(i.HAL_RCC_GetSysClockFreq)
    HAL_RCC_OscConfig                        0x080017e9   Thumb Code   946  stm32g0xx_hal_rcc.o(i.HAL_RCC_OscConfig)
    HAL_SYSTICK_Config                       0x08001bc1   Thumb Code    38  stm32g0xx_hal_cortex.o(i.HAL_SYSTICK_Config)
    HAL_TIMEx_Break2Callback                 0x08001bf1   Thumb Code     2  stm32g0xx_hal_tim_ex.o(i.HAL_TIMEx_Break2Callback)
    HAL_TIMEx_BreakCallback                  0x08001bf3   Thumb Code     2  stm32g0xx_hal_tim_ex.o(i.HAL_TIMEx_BreakCallback)
    HAL_TIMEx_CommutCallback                 0x08001bf5   Thumb Code     2  stm32g0xx_hal_tim_ex.o(i.HAL_TIMEx_CommutCallback)
    HAL_TIMEx_MasterConfigSynchronization    0x08001bf9   Thumb Code    90  stm32g0xx_hal_tim_ex.o(i.HAL_TIMEx_MasterConfigSynchronization)
    HAL_TIM_Base_Init                        0x08001c5d   Thumb Code    76  stm32g0xx_hal_tim.o(i.HAL_TIM_Base_Init)
    HAL_TIM_Base_MspInit                     0x08001ca9   Thumb Code    44  tim.o(i.HAL_TIM_Base_MspInit)
    HAL_TIM_Base_Start_IT                    0x08001cdd   Thumb Code    68  stm32g0xx_hal_tim.o(i.HAL_TIM_Base_Start_IT)
    HAL_TIM_ConfigClockSource                0x08001d2d   Thumb Code   220  stm32g0xx_hal_tim.o(i.HAL_TIM_ConfigClockSource)
    HAL_TIM_IC_CaptureCallback               0x08001e0d   Thumb Code     2  stm32g0xx_hal_tim.o(i.HAL_TIM_IC_CaptureCallback)
    HAL_TIM_IRQHandler                       0x08001e11   Thumb Code   382  stm32g0xx_hal_tim.o(i.HAL_TIM_IRQHandler)
    HAL_TIM_OC_DelayElapsedCallback          0x08001f95   Thumb Code     2  stm32g0xx_hal_tim.o(i.HAL_TIM_OC_DelayElapsedCallback)
    HAL_TIM_PWM_PulseFinishedCallback        0x08001f97   Thumb Code     2  stm32g0xx_hal_tim.o(i.HAL_TIM_PWM_PulseFinishedCallback)
    HAL_TIM_PeriodElapsedCallback            0x08001f99   Thumb Code   190  run.o(i.HAL_TIM_PeriodElapsedCallback)
    HAL_TIM_TriggerCallback                  0x08002069   Thumb Code     2  stm32g0xx_hal_tim.o(i.HAL_TIM_TriggerCallback)
    HAL_UARTEx_DisableFifoMode               0x0800206b   Thumb Code    60  stm32g0xx_hal_uart_ex.o(i.HAL_UARTEx_DisableFifoMode)
    HAL_UARTEx_RxEventCallback               0x080020a7   Thumb Code     2  stm32g0xx_hal_uart.o(i.HAL_UARTEx_RxEventCallback)
    HAL_UARTEx_RxFifoFullCallback            0x080020a9   Thumb Code     2  stm32g0xx_hal_uart_ex.o(i.HAL_UARTEx_RxFifoFullCallback)
    HAL_UARTEx_SetRxFifoThreshold            0x080020ab   Thumb Code    72  stm32g0xx_hal_uart_ex.o(i.HAL_UARTEx_SetRxFifoThreshold)
    HAL_UARTEx_SetTxFifoThreshold            0x080020f3   Thumb Code    70  stm32g0xx_hal_uart_ex.o(i.HAL_UARTEx_SetTxFifoThreshold)
    HAL_UARTEx_TxFifoEmptyCallback           0x08002139   Thumb Code     2  stm32g0xx_hal_uart_ex.o(i.HAL_UARTEx_TxFifoEmptyCallback)
    HAL_UARTEx_WakeupCallback                0x0800213b   Thumb Code     2  stm32g0xx_hal_uart_ex.o(i.HAL_UARTEx_WakeupCallback)
    HAL_UART_ErrorCallback                   0x0800213d   Thumb Code     2  stm32g0xx_hal_uart.o(i.HAL_UART_ErrorCallback)
    HAL_UART_IRQHandler                      0x08002141   Thumb Code   726  stm32g0xx_hal_uart.o(i.HAL_UART_IRQHandler)
    HAL_UART_Init                            0x08002429   Thumb Code   108  stm32g0xx_hal_uart.o(i.HAL_UART_Init)
    HAL_UART_MspInit                         0x08002495   Thumb Code   126  usart.o(i.HAL_UART_MspInit)
    HAL_UART_Receive_IT                      0x08002521   Thumb Code   100  stm32g0xx_hal_uart.o(i.HAL_UART_Receive_IT)
    HAL_UART_RxCpltCallback                  0x08002585   Thumb Code   330  cmd_link.o(i.HAL_UART_RxCpltCallback)
    HAL_UART_Transmit_IT                     0x080026dd   Thumb Code   176  stm32g0xx_hal_uart.o(i.HAL_UART_Transmit_IT)
    HAL_UART_TxCpltCallback                  0x0800279d   Thumb Code    14  cmd_link.o(i.HAL_UART_TxCpltCallback)
    HardFault_Handler                        0x080027b5   Thumb Code     2  stm32g0xx_it.o(i.HardFault_Handler)
    KEY_Scan                                 0x080027b9   Thumb Code   262  key.o(i.KEY_Scan)
    LCD_Display_Wind_Icon_Handler            0x08002acd   Thumb Code   266  lcd.o(i.LCD_Display_Wind_Icon_Handler)
    Lcd_PowerOff_Fun                         0x08002be5   Thumb Code    46  led.o(i.Lcd_PowerOff_Fun)
    Lcd_PowerOn_Fun                          0x08002c19   Thumb Code    38  led.o(i.Lcd_PowerOn_Fun)
    MX_GPIO_Init                             0x08002c45   Thumb Code   174  gpio.o(i.MX_GPIO_Init)
    MX_TIM3_Init                             0x08002d01   Thumb Code    98  tim.o(i.MX_TIM3_Init)
    MX_USART1_UART_Init                      0x08002d71   Thumb Code    96  usart.o(i.MX_USART1_UART_Init)
    NMI_Handler                              0x08002dd9   Thumb Code     2  stm32g0xx_it.o(i.NMI_Handler)
    PendSV_Handler                           0x08002ddb   Thumb Code     2  stm32g0xx_it.o(i.PendSV_Handler)
    Power_Off_Fun                            0x08002ddd   Thumb Code    32  single_mode.o(i.Power_Off_Fun)
    Process_Key_Handler                      0x08002e5d   Thumb Code   492  single_mode.o(i.Process_Key_Handler)
    Receive_MainBoard_Data_Handler           0x08003055   Thumb Code   318  single_mode.o(i.Receive_MainBoard_Data_Handler)
    RunPocess_Command_Handler                0x08003281   Thumb Code   504  single_mode.o(i.RunPocess_Command_Handler)
    SVC_Handler                              0x08003485   Thumb Code     2  stm32g0xx_it.o(i.SVC_Handler)
    SendData_Buzzer                          0x08003489   Thumb Code    44  cmd_link.o(i.SendData_Buzzer)
    SendData_PowerOnOff                      0x080034bd   Thumb Code    44  cmd_link.o(i.SendData_PowerOnOff)
    SendData_Set_Command                     0x080034f1   Thumb Code    44  cmd_link.o(i.SendData_Set_Command)
    SendData_Set_Wifi                        0x08003525   Thumb Code    44  cmd_link.o(i.SendData_Set_Wifi)
    SendData_Temp_Data                       0x08003559   Thumb Code    44  cmd_link.o(i.SendData_Temp_Data)
    SendData_Time_Data                       0x0800358d   Thumb Code    42  cmd_link.o(i.SendData_Time_Data)
    Setup_Timer_Times_Donot_Display          0x0800364d   Thumb Code    78  single_mode.o(i.Setup_Timer_Times_Donot_Display)
    Single_SendBuzzer_RunCmd                 0x080036a1   Thumb Code     6  single_mode.o(i.Single_SendBuzzer_RunCmd)
    SysTick_Handler                          0x080036ad   Thumb Code     8  stm32g0xx_it.o(i.SysTick_Handler)
    SystemClock_Config                       0x080036b5   Thumb Code   106  main.o(i.SystemClock_Config)
    SystemInit                               0x0800371f   Thumb Code     2  system_stm32g0xx.o(i.SystemInit)
    TIM1723_Write_Cmd                        0x08003721   Thumb Code    46  lcd.o(i.TIM1723_Write_Cmd)
    TIM3_IRQHandler                          0x08003751   Thumb Code    10  stm32g0xx_it.o(i.TIM3_IRQHandler)
    TIM_Base_SetConfig                       0x08003761   Thumb Code   100  stm32g0xx_hal_tim.o(i.TIM_Base_SetConfig)
    TIM_ETR_SetConfig                        0x080037d9   Thumb Code    22  stm32g0xx_hal_tim.o(i.TIM_ETR_SetConfig)
    UART_AdvFeatureConfig                    0x08003911   Thumb Code   202  stm32g0xx_hal_uart.o(i.UART_AdvFeatureConfig)
    UART_CheckIdleState                      0x080039dd   Thumb Code    94  stm32g0xx_hal_uart.o(i.UART_CheckIdleState)
    UART_SetConfig                           0x08003f29   Thumb Code   326  stm32g0xx_hal_uart.o(i.UART_SetConfig)
    UART_Start_Receive_IT                    0x08004091   Thumb Code   288  stm32g0xx_hal_uart.o(i.UART_Start_Receive_IT)
    UART_WaitOnFlagUntilTimeout              0x08004365   Thumb Code   210  stm32g0xx_hal_uart.o(i.UART_WaitOnFlagUntilTimeout)
    USART1_Cmd_Error_Handler                 0x08004439   Thumb Code    48  cmd_link.o(i.USART1_Cmd_Error_Handler)
    USART1_IRQHandler                        0x08004479   Thumb Code    10  stm32g0xx_it.o(i.USART1_IRQHandler)
    __ARM_common_switch8                     0x080044cd   Thumb Code    26  cmd_link.o(i.__ARM_common_switch8)
    delay_us                                 0x0800452d   Thumb Code    44  delay.o(i.delay_us)
    main                                     0x08004561   Thumb Code   150  main.o(i.main)
    lcdNumber1_Low                           0x0800460c   Data          11  lcd.o(.constdata)
    lcdNumber1_High                          0x08004617   Data          11  lcd.o(.constdata)
    UARTPrescTable                           0x080046b6   Data          24  stm32g0xx_hal_uart.o(.constdata)
    AHBPrescTable                            0x080046e0   Data          64  system_stm32g0xx.o(.constdata)
    APBPrescTable                            0x08004720   Data          32  system_stm32g0xx.o(.constdata)
    Region$$Table$$Base                      0x08004740   Number         0  anon$$obj.o(Region$$Table)
    Region$$Table$$Limit                     0x08004760   Number         0  anon$$obj.o(Region$$Table)
    outputBuf                                0x20000004   Data           8  cmd_link.o(.data)
    inputBuf                                 0x2000000c   Data           8  cmd_link.o(.data)
    fac_us                                   0x20000014   Data           4  delay.o(.data)
    panel_led_fun                            0x20000020   Data           4  led.o(.data)
    decade_temp                              0x2000003a   Data           1  single_mode.o(.data)
    unit_temp                                0x2000003b   Data           1  single_mode.o(.data)
    single_add_fun                           0x2000003c   Data           4  single_mode.o(.data)
    single_buzzer_fun                        0x20000040   Data           4  single_mode.o(.data)
    sendAi_usart_fun                         0x20000044   Data           4  single_mode.o(.data)
    beijing_time_fun                         0x20000048   Data           4  single_mode.o(.data)
    uwTickFreq                               0x2000004c   Data           1  stm32g0xx_hal.o(.data)
    uwTickPrio                               0x20000050   Data           4  stm32g0xx_hal.o(.data)
    uwTick                                   0x20000054   Data           4  stm32g0xx_hal.o(.data)
    SystemCoreClock                          0x20000058   Data           4  system_stm32g0xx.o(.data)
    htim3                                    0x2000005c   Data          76  tim.o(.bss)
    huart1                                   0x200000a8   Data         144  usart.o(.bss)
    key_t                                    0x20000138   Data          20  key.o(.bss)
    lcd_t                                    0x2000014c   Data          21  lcd.o(.bss)
    run_t                                    0x20000164   Data          92  run.o(.bss)
    __libspace_start                         0x200001c0   Data          96  libspace.o(.bss)
    __temporary_stack_top$libspace           0x20000220   Data           0  libspace.o(.bss)



==============================================================================

Memory Map of the image

  Image Entry point : 0x080000c1

  Load Region LR_IROM1 (Base: 0x08000000, Size: 0x000047bc, Max: 0x00010000, ABSOLUTE)

    Execution Region ER_IROM1 (Exec base: 0x08000000, Load base: 0x08000000, Size: 0x00004760, Max: 0x00010000, ABSOLUTE)

    Exec Addr    Load Addr    Size         Type   Attr      Idx    E Section Name        Object

    0x08000000   0x08000000   0x000000c0   Data   RO            3    RESET               startup_stm32g030xx.o
    0x080000c0   0x080000c0   0x00000008   Code   RO         3656  * !!!main             c_p.l(__main.o)
    0x080000c8   0x080000c8   0x0000003c   Code   RO         3827    !!!scatter          c_p.l(__scatter.o)
    0x08000104   0x08000104   0x0000001a   Code   RO         3829    !!handler_copy      c_p.l(__scatter_copy.o)
    0x0800011e   0x0800011e   0x00000002   PAD
    0x08000120   0x08000120   0x0000001c   Code   RO         3831    !!handler_zi        c_p.l(__scatter_zi.o)
    0x0800013c   0x0800013c   0x00000002   Code   RO         3694    .ARM.Collect$$libinit$$00000000  c_p.l(libinit.o)
    0x0800013e   0x0800013e   0x00000000   Code   RO         3708    .ARM.Collect$$libinit$$00000002  c_p.l(libinit2.o)
    0x0800013e   0x0800013e   0x00000000   Code   RO         3710    .ARM.Collect$$libinit$$00000004  c_p.l(libinit2.o)
    0x0800013e   0x0800013e   0x00000000   Code   RO         3713    .ARM.Collect$$libinit$$0000000A  c_p.l(libinit2.o)
    0x0800013e   0x0800013e   0x00000000   Code   RO         3715    .ARM.Collect$$libinit$$0000000C  c_p.l(libinit2.o)
    0x0800013e   0x0800013e   0x00000000   Code   RO         3717    .ARM.Collect$$libinit$$0000000E  c_p.l(libinit2.o)
    0x0800013e   0x0800013e   0x00000000   Code   RO         3720    .ARM.Collect$$libinit$$00000011  c_p.l(libinit2.o)
    0x0800013e   0x0800013e   0x00000000   Code   RO         3722    .ARM.Collect$$libinit$$00000013  c_p.l(libinit2.o)
    0x0800013e   0x0800013e   0x00000000   Code   RO         3724    .ARM.Collect$$libinit$$00000015  c_p.l(libinit2.o)
    0x0800013e   0x0800013e   0x00000000   Code   RO         3726    .ARM.Collect$$libinit$$00000017  c_p.l(libinit2.o)
    0x0800013e   0x0800013e   0x00000000   Code   RO         3728    .ARM.Collect$$libinit$$00000019  c_p.l(libinit2.o)
    0x0800013e   0x0800013e   0x00000000   Code   RO         3730    .ARM.Collect$$libinit$$0000001B  c_p.l(libinit2.o)
    0x0800013e   0x0800013e   0x00000000   Code   RO         3732    .ARM.Collect$$libinit$$0000001D  c_p.l(libinit2.o)
    0x0800013e   0x0800013e   0x00000000   Code   RO         3734    .ARM.Collect$$libinit$$0000001F  c_p.l(libinit2.o)
    0x0800013e   0x0800013e   0x00000000   Code   RO         3736    .ARM.Collect$$libinit$$00000021  c_p.l(libinit2.o)
    0x0800013e   0x0800013e   0x00000000   Code   RO         3738    .ARM.Collect$$libinit$$00000023  c_p.l(libinit2.o)
    0x0800013e   0x0800013e   0x00000000   Code   RO         3740    .ARM.Collect$$libinit$$00000025  c_p.l(libinit2.o)
    0x0800013e   0x0800013e   0x00000000   Code   RO         3744    .ARM.Collect$$libinit$$0000002C  c_p.l(libinit2.o)
    0x0800013e   0x0800013e   0x00000000   Code   RO         3746    .ARM.Collect$$libinit$$0000002E  c_p.l(libinit2.o)
    0x0800013e   0x0800013e   0x00000000   Code   RO         3748    .ARM.Collect$$libinit$$00000030  c_p.l(libinit2.o)
    0x0800013e   0x0800013e   0x00000000   Code   RO         3750    .ARM.Collect$$libinit$$00000032  c_p.l(libinit2.o)
    0x0800013e   0x0800013e   0x00000002   Code   RO         3751    .ARM.Collect$$libinit$$00000033  c_p.l(libinit2.o)
    0x08000140   0x08000140   0x00000002   Code   RO         3782    .ARM.Collect$$libshutdown$$00000000  c_p.l(libshutdown.o)
    0x08000142   0x08000142   0x00000000   Code   RO         3808    .ARM.Collect$$libshutdown$$00000002  c_p.l(libshutdown2.o)
    0x08000142   0x08000142   0x00000000   Code   RO         3810    .ARM.Collect$$libshutdown$$00000004  c_p.l(libshutdown2.o)
    0x08000142   0x08000142   0x00000000   Code   RO         3812    .ARM.Collect$$libshutdown$$00000006  c_p.l(libshutdown2.o)
    0x08000142   0x08000142   0x00000000   Code   RO         3815    .ARM.Collect$$libshutdown$$00000009  c_p.l(libshutdown2.o)
    0x08000142   0x08000142   0x00000000   Code   RO         3818    .ARM.Collect$$libshutdown$$0000000C  c_p.l(libshutdown2.o)
    0x08000142   0x08000142   0x00000000   Code   RO         3820    .ARM.Collect$$libshutdown$$0000000E  c_p.l(libshutdown2.o)
    0x08000142   0x08000142   0x00000000   Code   RO         3823    .ARM.Collect$$libshutdown$$00000011  c_p.l(libshutdown2.o)
    0x08000142   0x08000142   0x00000002   Code   RO         3824    .ARM.Collect$$libshutdown$$00000012  c_p.l(libshutdown2.o)
    0x08000144   0x08000144   0x00000000   Code   RO         3658    .ARM.Collect$$rtentry$$00000000  c_p.l(__rtentry.o)
    0x08000144   0x08000144   0x00000000   Code   RO         3664    .ARM.Collect$$rtentry$$00000002  c_p.l(__rtentry2.o)
    0x08000144   0x08000144   0x00000006   Code   RO         3676    .ARM.Collect$$rtentry$$00000004  c_p.l(__rtentry4.o)
    0x0800014a   0x0800014a   0x00000000   Code   RO         3666    .ARM.Collect$$rtentry$$00000009  c_p.l(__rtentry2.o)
    0x0800014a   0x0800014a   0x00000004   Code   RO         3667    .ARM.Collect$$rtentry$$0000000A  c_p.l(__rtentry2.o)
    0x0800014e   0x0800014e   0x00000000   Code   RO         3669    .ARM.Collect$$rtentry$$0000000C  c_p.l(__rtentry2.o)
    0x0800014e   0x0800014e   0x00000008   Code   RO         3670    .ARM.Collect$$rtentry$$0000000D  c_p.l(__rtentry2.o)
    0x08000156   0x08000156   0x00000002   Code   RO         3699    .ARM.Collect$$rtexit$$00000000  c_p.l(rtexit.o)
    0x08000158   0x08000158   0x00000000   Code   RO         3755    .ARM.Collect$$rtexit$$00000002  c_p.l(rtexit2.o)
    0x08000158   0x08000158   0x00000004   Code   RO         3756    .ARM.Collect$$rtexit$$00000003  c_p.l(rtexit2.o)
    0x0800015c   0x0800015c   0x00000006   Code   RO         3757    .ARM.Collect$$rtexit$$00000004  c_p.l(rtexit2.o)
    0x08000162   0x08000162   0x00000002   PAD
    0x08000164   0x08000164   0x00000038   Code   RO            4    .text               startup_stm32g030xx.o
    0x0800019c   0x0800019c   0x00000040   Code   RO         3648    .text               c_p.l(rt_memclr.o)
    0x080001dc   0x080001dc   0x0000015a   Code   RO         3650    .text               c_p.l(aeabi_sdiv.o)
    0x08000336   0x08000336   0x00000006   Code   RO         3654    .text               c_p.l(heapauxi.o)
    0x0800033c   0x0800033c   0x0000003e   Code   RO         3680    .text               c_p.l(sys_stackheap_outer.o)
    0x0800037a   0x0800037a   0x00000010   Code   RO         3683    .text               c_p.l(exit.o)
    0x0800038a   0x0800038a   0x00000002   PAD
    0x0800038c   0x0800038c   0x00000008   Code   RO         3695    .text               c_p.l(libspace.o)
    0x08000394   0x08000394   0x0000000c   Code   RO         3752    .text               c_p.l(sys_exit.o)
    0x080003a0   0x080003a0   0x00000002   Code   RO         3771    .text               c_p.l(use_no_semi.o)
    0x080003a2   0x080003a2   0x00000000   Code   RO         3773    .text               c_p.l(indicate_semi.o)
    0x080003a2   0x080003a2   0x00000002   PAD
    0x080003a4   0x080003a4   0x00000074   Code   RO          800    i.Beijing_Time_Display  single_mode.o
    0x08000418   0x08000418   0x00000010   Code   RO          802    i.Beijing_Time_Init  single_mode.o
    0x08000428   0x08000428   0x00000068   Code   RO          708    i.Breath_Led        led.o
    0x08000490   0x08000490   0x00000010   Code   RO          803    i.Decode_Function   single_mode.o
    0x080004a0   0x080004a0   0x00000afc   Code   RO          642    i.DisplayPanel_Ref_Handler  lcd.o
    0x08000f9c   0x08000f9c   0x000000b8   Code   RO          643    i.Display_Kill_Dry_Ster_Icon  lcd.o
    0x08001054   0x08001054   0x0000000a   Code   RO          397    i.EXTI2_3_IRQHandler  stm32g0xx_it.o
    0x0800105e   0x0800105e   0x00000002   PAD
    0x08001060   0x08001060   0x00000040   Code   RO          398    i.EXTI4_15_IRQHandler  stm32g0xx_it.o
    0x080010a0   0x080010a0   0x00000004   Code   RO           12    i.Error_Handler     main.o
    0x080010a4   0x080010a4   0x00000074   Code   RO         2349    i.HAL_DMA_Abort     stm32g0xx_hal_dma.o
    0x08001118   0x08001118   0x0000007c   Code   RO         2350    i.HAL_DMA_Abort_IT  stm32g0xx_hal_dma.o
    0x08001194   0x08001194   0x00000024   Code   RO         2807    i.HAL_Delay         stm32g0xx_hal.o
    0x080011b8   0x080011b8   0x00000002   Code   RO         2279    i.HAL_GPIO_EXTI_Falling_Callback  stm32g0xx_hal_gpio.o
    0x080011ba   0x080011ba   0x00000002   PAD
    0x080011bc   0x080011bc   0x00000028   Code   RO         2280    i.HAL_GPIO_EXTI_IRQHandler  stm32g0xx_hal_gpio.o
    0x080011e4   0x080011e4   0x00000002   Code   RO          600    i.HAL_GPIO_EXTI_Rising_Callback  key.o
    0x080011e6   0x080011e6   0x00000002   PAD
    0x080011e8   0x080011e8   0x0000015c   Code   RO         2282    i.HAL_GPIO_Init     stm32g0xx_hal_gpio.o
    0x08001344   0x08001344   0x0000000a   Code   RO         2284    i.HAL_GPIO_ReadPin  stm32g0xx_hal_gpio.o
    0x0800134e   0x0800134e   0x00000010   Code   RO         2285    i.HAL_GPIO_TogglePin  stm32g0xx_hal_gpio.o
    0x0800135e   0x0800135e   0x0000000c   Code   RO         2286    i.HAL_GPIO_WritePin  stm32g0xx_hal_gpio.o
    0x0800136a   0x0800136a   0x00000002   PAD
    0x0800136c   0x0800136c   0x0000000c   Code   RO         2811    i.HAL_GetTick       stm32g0xx_hal.o
    0x08001378   0x08001378   0x00000010   Code   RO         2817    i.HAL_IncTick       stm32g0xx_hal.o
    0x08001388   0x08001388   0x00000028   Code   RO         2818    i.HAL_Init          stm32g0xx_hal.o
    0x080013b0   0x080013b0   0x00000048   Code   RO         2819    i.HAL_InitTick      stm32g0xx_hal.o
    0x080013f8   0x080013f8   0x0000002c   Code   RO          469    i.HAL_MspInit       stm32g0xx_hal_msp.o
    0x08001424   0x08001424   0x00000018   Code   RO         2695    i.HAL_NVIC_EnableIRQ  stm32g0xx_hal_cortex.o
    0x0800143c   0x0800143c   0x00000008   Code   RO         2699    i.HAL_NVIC_SetPriority  stm32g0xx_hal_cortex.o
    0x08001444   0x08001444   0x0000004c   Code   RO         2580    i.HAL_PWREx_ControlVoltageScaling  stm32g0xx_hal_pwr_ex.o
    0x08001490   0x08001490   0x0000014c   Code   RO         2048    i.HAL_RCCEx_PeriphCLKConfig  stm32g0xx_hal_rcc_ex.o
    0x080015dc   0x080015dc   0x00000158   Code   RO         1932    i.HAL_RCC_ClockConfig  stm32g0xx_hal_rcc.o
    0x08001734   0x08001734   0x00000028   Code   RO         1940    i.HAL_RCC_GetPCLK1Freq  stm32g0xx_hal_rcc.o
    0x0800175c   0x0800175c   0x0000008c   Code   RO         1942    i.HAL_RCC_GetSysClockFreq  stm32g0xx_hal_rcc.o
    0x080017e8   0x080017e8   0x000003d8   Code   RO         1946    i.HAL_RCC_OscConfig  stm32g0xx_hal_rcc.o
    0x08001bc0   0x08001bc0   0x00000030   Code   RO         2703    i.HAL_SYSTICK_Config  stm32g0xx_hal_cortex.o
    0x08001bf0   0x08001bf0   0x00000002   Code   RO         1632    i.HAL_TIMEx_Break2Callback  stm32g0xx_hal_tim_ex.o
    0x08001bf2   0x08001bf2   0x00000002   Code   RO         1633    i.HAL_TIMEx_BreakCallback  stm32g0xx_hal_tim_ex.o
    0x08001bf4   0x08001bf4   0x00000002   Code   RO         1634    i.HAL_TIMEx_CommutCallback  stm32g0xx_hal_tim_ex.o
    0x08001bf6   0x08001bf6   0x00000002   PAD
    0x08001bf8   0x08001bf8   0x00000064   Code   RO         1655    i.HAL_TIMEx_MasterConfigSynchronization  stm32g0xx_hal_tim_ex.o
    0x08001c5c   0x08001c5c   0x0000004c   Code   RO          922    i.HAL_TIM_Base_Init  stm32g0xx_hal_tim.o
    0x08001ca8   0x08001ca8   0x00000034   Code   RO          218    i.HAL_TIM_Base_MspInit  tim.o
    0x08001cdc   0x08001cdc   0x00000050   Code   RO          927    i.HAL_TIM_Base_Start_IT  stm32g0xx_hal_tim.o
    0x08001d2c   0x08001d2c   0x000000e0   Code   RO          931    i.HAL_TIM_ConfigClockSource  stm32g0xx_hal_tim.o
    0x08001e0c   0x08001e0c   0x00000002   Code   RO          956    i.HAL_TIM_IC_CaptureCallback  stm32g0xx_hal_tim.o
    0x08001e0e   0x08001e0e   0x00000002   PAD
    0x08001e10   0x08001e10   0x00000184   Code   RO          970    i.HAL_TIM_IRQHandler  stm32g0xx_hal_tim.o
    0x08001f94   0x08001f94   0x00000002   Code   RO          973    i.HAL_TIM_OC_DelayElapsedCallback  stm32g0xx_hal_tim.o
    0x08001f96   0x08001f96   0x00000002   Code   RO         1000    i.HAL_TIM_PWM_PulseFinishedCallback  stm32g0xx_hal_tim.o
    0x08001f98   0x08001f98   0x000000d0   Code   RO          771    i.HAL_TIM_PeriodElapsedCallback  run.o
    0x08002068   0x08002068   0x00000002   Code   RO         1013    i.HAL_TIM_TriggerCallback  stm32g0xx_hal_tim.o
    0x0800206a   0x0800206a   0x0000003c   Code   RO         3480    i.HAL_UARTEx_DisableFifoMode  stm32g0xx_hal_uart_ex.o
    0x080020a6   0x080020a6   0x00000002   Code   RO         3073    i.HAL_UARTEx_RxEventCallback  stm32g0xx_hal_uart.o
    0x080020a8   0x080020a8   0x00000002   Code   RO         3487    i.HAL_UARTEx_RxFifoFullCallback  stm32g0xx_hal_uart_ex.o
    0x080020aa   0x080020aa   0x00000048   Code   RO         3488    i.HAL_UARTEx_SetRxFifoThreshold  stm32g0xx_hal_uart_ex.o
    0x080020f2   0x080020f2   0x00000046   Code   RO         3489    i.HAL_UARTEx_SetTxFifoThreshold  stm32g0xx_hal_uart_ex.o
    0x08002138   0x08002138   0x00000002   Code   RO         3491    i.HAL_UARTEx_TxFifoEmptyCallback  stm32g0xx_hal_uart_ex.o
    0x0800213a   0x0800213a   0x00000002   Code   RO         3492    i.HAL_UARTEx_WakeupCallback  stm32g0xx_hal_uart_ex.o
    0x0800213c   0x0800213c   0x00000002   Code   RO         3089    i.HAL_UART_ErrorCallback  stm32g0xx_hal_uart.o
    0x0800213e   0x0800213e   0x00000002   PAD
    0x08002140   0x08002140   0x000002e8   Code   RO         3092    i.HAL_UART_IRQHandler  stm32g0xx_hal_uart.o
    0x08002428   0x08002428   0x0000006c   Code   RO         3093    i.HAL_UART_Init     stm32g0xx_hal_uart.o
    0x08002494   0x08002494   0x0000008c   Code   RO          360    i.HAL_UART_MspInit  usart.o
    0x08002520   0x08002520   0x00000064   Code   RO         3098    i.HAL_UART_Receive_IT  stm32g0xx_hal_uart.o
    0x08002584   0x08002584   0x00000158   Code   RO          489    i.HAL_UART_RxCpltCallback  cmd_link.o
    0x080026dc   0x080026dc   0x000000c0   Code   RO         3104    i.HAL_UART_Transmit_IT  stm32g0xx_hal_uart.o
    0x0800279c   0x0800279c   0x00000018   Code   RO          490    i.HAL_UART_TxCpltCallback  cmd_link.o
    0x080027b4   0x080027b4   0x00000002   Code   RO          399    i.HardFault_Handler  stm32g0xx_it.o
    0x080027b6   0x080027b6   0x00000002   PAD
    0x080027b8   0x080027b8   0x00000114   Code   RO          601    i.KEY_Scan          key.o
    0x080028cc   0x080028cc   0x00000200   Code   RO          644    i.LCD_DisplayNumber_OneTwo_Icon_Handler  lcd.o
    0x08002acc   0x08002acc   0x00000118   Code   RO          645    i.LCD_Display_Wind_Icon_Handler  lcd.o
    0x08002be4   0x08002be4   0x00000034   Code   RO          711    i.Lcd_PowerOff_Fun  led.o
    0x08002c18   0x08002c18   0x0000002c   Code   RO          712    i.Lcd_PowerOn_Fun   led.o
    0x08002c44   0x08002c44   0x000000bc   Code   RO          197    i.MX_GPIO_Init      gpio.o
    0x08002d00   0x08002d00   0x00000070   Code   RO          219    i.MX_TIM3_Init      tim.o
    0x08002d70   0x08002d70   0x00000068   Code   RO          361    i.MX_USART1_UART_Init  usart.o
    0x08002dd8   0x08002dd8   0x00000002   Code   RO          400    i.NMI_Handler       stm32g0xx_it.o
    0x08002dda   0x08002dda   0x00000002   Code   RO          401    i.PendSV_Handler    stm32g0xx_it.o
    0x08002ddc   0x08002ddc   0x00000024   Code   RO          804    i.Power_Off_Fun     single_mode.o
    0x08002e00   0x08002e00   0x0000005c   Code   RO          805    i.Power_On_Fun      single_mode.o
    0x08002e5c   0x08002e5c   0x000001f8   Code   RO          806    i.Process_Key_Handler  single_mode.o
    0x08003054   0x08003054   0x0000014c   Code   RO          807    i.Receive_MainBoard_Data_Handler  single_mode.o
    0x080031a0   0x080031a0   0x000000e0   Code   RO          808    i.Receive_Wifi_Cmd  single_mode.o
    0x08003280   0x08003280   0x00000204   Code   RO          809    i.RunPocess_Command_Handler  single_mode.o
    0x08003484   0x08003484   0x00000002   Code   RO          402    i.SVC_Handler       stm32g0xx_it.o
    0x08003486   0x08003486   0x00000002   PAD
    0x08003488   0x08003488   0x00000034   Code   RO          491    i.SendData_Buzzer   cmd_link.o
    0x080034bc   0x080034bc   0x00000034   Code   RO          492    i.SendData_PowerOnOff  cmd_link.o
    0x080034f0   0x080034f0   0x00000034   Code   RO          493    i.SendData_Set_Command  cmd_link.o
    0x08003524   0x08003524   0x00000034   Code   RO          494    i.SendData_Set_Wifi  cmd_link.o
    0x08003558   0x08003558   0x00000034   Code   RO          495    i.SendData_Temp_Data  cmd_link.o
    0x0800358c   0x0800358c   0x00000034   Code   RO          496    i.SendData_Time_Data  cmd_link.o
    0x080035c0   0x080035c0   0x0000008c   Code   RO          810    i.Setup_Timer_Times  single_mode.o
    0x0800364c   0x0800364c   0x00000054   Code   RO          811    i.Setup_Timer_Times_Donot_Display  single_mode.o
    0x080036a0   0x080036a0   0x0000000c   Code   RO          814    i.Single_SendBuzzer_RunCmd  single_mode.o
    0x080036ac   0x080036ac   0x00000008   Code   RO          403    i.SysTick_Handler   stm32g0xx_it.o
    0x080036b4   0x080036b4   0x0000006a   Code   RO           13    i.SystemClock_Config  main.o
    0x0800371e   0x0800371e   0x00000002   Code   RO         3615    i.SystemInit        system_stm32g0xx.o
    0x08003720   0x08003720   0x0000002e   Code   RO          646    i.TIM1723_Write_Cmd  lcd.o
    0x0800374e   0x0800374e   0x00000002   PAD
    0x08003750   0x08003750   0x00000010   Code   RO          404    i.TIM3_IRQHandler   stm32g0xx_it.o
    0x08003760   0x08003760   0x00000078   Code   RO         1015    i.TIM_Base_SetConfig  stm32g0xx_hal_tim.o
    0x080037d8   0x080037d8   0x00000016   Code   RO         1026    i.TIM_ETR_SetConfig  stm32g0xx_hal_tim.o
    0x080037ee   0x080037ee   0x00000002   PAD
    0x080037f0   0x080037f0   0x00000014   Code   RO         1027    i.TIM_ITRx_SetConfig  stm32g0xx_hal_tim.o
    0x08003804   0x08003804   0x00000022   Code   RO         1035    i.TIM_TI1_ConfigInputStage  stm32g0xx_hal_tim.o
    0x08003826   0x08003826   0x00000026   Code   RO         1037    i.TIM_TI2_ConfigInputStage  stm32g0xx_hal_tim.o
    0x0800384c   0x0800384c   0x00000036   Code   RO          647    i.TM1723_Write_Display_Data  lcd.o
    0x08003882   0x08003882   0x00000048   Code   RO          648    i.TM1723_Write_OneByte  lcd.o
    0x080038ca   0x080038ca   0x00000002   PAD
    0x080038cc   0x080038cc   0x00000044   Code   RO         3493    i.UARTEx_SetNbDataToProcess  stm32g0xx_hal_uart_ex.o
    0x08003910   0x08003910   0x000000ca   Code   RO         3107    i.UART_AdvFeatureConfig  stm32g0xx_hal_uart.o
    0x080039da   0x080039da   0x00000002   PAD
    0x080039dc   0x080039dc   0x00000064   Code   RO         3108    i.UART_CheckIdleState  stm32g0xx_hal_uart.o
    0x08003a40   0x08003a40   0x00000014   Code   RO         3109    i.UART_DMAAbortOnError  stm32g0xx_hal_uart.o
    0x08003a54   0x08003a54   0x00000064   Code   RO         3119    i.UART_EndRxTransfer  stm32g0xx_hal_uart.o
    0x08003ab8   0x08003ab8   0x000000ac   Code   RO         3121    i.UART_RxISR_16BIT  stm32g0xx_hal_uart.o
    0x08003b64   0x08003b64   0x0000018c   Code   RO         3122    i.UART_RxISR_16BIT_FIFOEN  stm32g0xx_hal_uart.o
    0x08003cf0   0x08003cf0   0x000000ac   Code   RO         3123    i.UART_RxISR_8BIT   stm32g0xx_hal_uart.o
    0x08003d9c   0x08003d9c   0x0000018c   Code   RO         3124    i.UART_RxISR_8BIT_FIFOEN  stm32g0xx_hal_uart.o
    0x08003f28   0x08003f28   0x00000168   Code   RO         3125    i.UART_SetConfig    stm32g0xx_hal_uart.o
    0x08004090   0x08004090   0x00000134   Code   RO         3127    i.UART_Start_Receive_IT  stm32g0xx_hal_uart.o
    0x080041c4   0x080041c4   0x00000060   Code   RO         3128    i.UART_TxISR_16BIT  stm32g0xx_hal_uart.o
    0x08004224   0x08004224   0x00000074   Code   RO         3129    i.UART_TxISR_16BIT_FIFOEN  stm32g0xx_hal_uart.o
    0x08004298   0x08004298   0x0000005c   Code   RO         3130    i.UART_TxISR_8BIT   stm32g0xx_hal_uart.o
    0x080042f4   0x080042f4   0x00000070   Code   RO         3131    i.UART_TxISR_8BIT_FIFOEN  stm32g0xx_hal_uart.o
    0x08004364   0x08004364   0x000000d2   Code   RO         3132    i.UART_WaitOnFlagUntilTimeout  stm32g0xx_hal_uart.o
    0x08004436   0x08004436   0x00000002   PAD
    0x08004438   0x08004438   0x00000040   Code   RO          497    i.USART1_Cmd_Error_Handler  cmd_link.o
    0x08004478   0x08004478   0x00000010   Code   RO          405    i.USART1_IRQHandler  stm32g0xx_it.o
    0x08004488   0x08004488   0x00000044   Code   RO          815    i.Works_Counter_Time  single_mode.o
    0x080044cc   0x080044cc   0x0000001a   Code   RO          555    i.__ARM_common_switch8  cmd_link.o
    0x080044e6   0x080044e6   0x00000002   PAD
    0x080044e8   0x080044e8   0x00000044   Code   RO         2705    i.__NVIC_SetPriority  stm32g0xx_hal_cortex.o
    0x0800452c   0x0800452c   0x00000034   Code   RO          567    i.delay_us          delay.o
    0x08004560   0x08004560   0x000000ac   Code   RO           14    i.main              main.o
    0x0800460c   0x0800460c   0x000000a9   Data   RO          650    .constdata          lcd.o
    0x080046b5   0x080046b5   0x00000001   PAD
    0x080046b6   0x080046b6   0x00000018   Data   RO         3133    .constdata          stm32g0xx_hal_uart.o
    0x080046ce   0x080046ce   0x00000010   Data   RO         3494    .constdata          stm32g0xx_hal_uart_ex.o
    0x080046de   0x080046de   0x00000002   PAD
    0x080046e0   0x080046e0   0x00000040   Data   RO         3616    .constdata          system_stm32g0xx.o
    0x08004720   0x08004720   0x00000020   Data   RO         3617    .constdata          system_stm32g0xx.o
    0x08004740   0x08004740   0x00000020   Data   RO         3825    Region$$Table       anon$$obj.o


    Execution Region RW_IRAM1 (Exec base: 0x20000000, Load base: 0x08004760, Size: 0x00000820, Max: 0x00002000, ABSOLUTE)

    Exec Addr    Load Addr    Size         Type   Attr      Idx    E Section Name        Object

    0x20000000   0x08004760   0x00000014   Data   RW          498    .data               cmd_link.o
    0x20000014   0x08004774   0x00000004   Data   RW          568    .data               delay.o
    0x20000018   0x08004778   0x00000002   Data   RW          657    .data               lcd.o
    0x2000001a   0x0800477a   0x00000002   PAD
    0x2000001c   0x0800477c   0x00000008   Data   RW          716    .data               led.o
    0x20000024   0x08004784   0x00000002   Data   RW          773    .data               run.o
    0x20000026   0x08004786   0x00000002   PAD
    0x20000028   0x08004788   0x00000024   Data   RW          816    .data               single_mode.o
    0x2000004c   0x080047ac   0x0000000c   Data   RW         2831    .data               stm32g0xx_hal.o
    0x20000058   0x080047b8   0x00000004   Data   RW         3618    .data               system_stm32g0xx.o
    0x2000005c        -       0x0000004c   Zero   RW          220    .bss                tim.o
    0x200000a8        -       0x00000090   Zero   RW          362    .bss                usart.o
    0x20000138        -       0x00000014   Zero   RW          604    .bss                key.o
    0x2000014c        -       0x00000015   Zero   RW          649    .bss                lcd.o
    0x20000161   0x080047bc   0x00000003   PAD
    0x20000164        -       0x0000005c   Zero   RW          772    .bss                run.o
    0x200001c0        -       0x00000060   Zero   RW         3696    .bss                c_p.l(libspace.o)
    0x20000220        -       0x00000200   Zero   RW            2    HEAP                startup_stm32g030xx.o
    0x20000420        -       0x00000400   Zero   RW            1    STACK               startup_stm32g030xx.o


==============================================================================

Image component sizes


      Code (inc. data)   RO Data    RW Data    ZI Data      Debug   Object Name

       770        112          0         20          0       5949   cmd_link.o
        52          8          0          4          0        852   delay.o
       188         14          0          0          0        975   gpio.o
       278         22          0          0         20       1479   key.o
      3960         94        169          2         21      11251   lcd.o
       200         28          0          8          0       2031   led.o
       282         22          0          0          0     384753   main.o
       208         18          0          2         92       4323   run.o
      2156        118          0         36          0      10215   single_mode.o
        56         26        192          0       1536        644   startup_stm32g030xx.o
       176         26          0         12          0      16109   stm32g0xx_hal.o
       148         24          0          0          0      12385   stm32g0xx_hal_cortex.o
       240         10          0          0          0       2095   stm32g0xx_hal_dma.o
         0          0          0          0          0       2772   stm32g0xx_hal_flash.o
       428         22          0          0          0       4712   stm32g0xx_hal_gpio.o
        44          6          0          0          0        946   stm32g0xx_hal_msp.o
        76         14          0          0          0        798   stm32g0xx_hal_pwr_ex.o
      1508         88          0          0          0      20725   stm32g0xx_hal_rcc.o
       332         12          0          0          0       1744   stm32g0xx_hal_rcc_ex.o
      1010         46          0          0          0      10389   stm32g0xx_hal_tim.o
       106         10          0          0          0       3264   stm32g0xx_hal_tim_ex.o
      4000        114         24          0          0      46779   stm32g0xx_hal_uart.o
       276          6         16          0          0       5634   stm32g0xx_hal_uart_ex.o
       122         22          0          0          0       4068   stm32g0xx_it.o
         2          0         96          4          0       1291   system_stm32g0xx.o
       164         22          0          0         76     388894   tim.o
       244         22          0          0        144       1954   usart.o

    ----------------------------------------------------------------------
     17056        906        532         92       1892     947031   Object Totals
         0          0         32          0          0          0   (incl. Generated)
        30          0          3          4          3          0   (incl. Padding)

    ----------------------------------------------------------------------

      Code (inc. data)   RO Data    RW Data    ZI Data      Debug   Library Member Name

         8          0          0          0          0         68   __main.o
         0          0          0          0          0          0   __rtentry.o
        12          0          0          0          0          0   __rtentry2.o
         6          0          0          0          0          0   __rtentry4.o
        60          8          0          0          0          0   __scatter.o
        26          0          0          0          0          0   __scatter_copy.o
        28          0          0          0          0          0   __scatter_zi.o
       346          0          0          0          0         92   aeabi_sdiv.o
        16          0          0          0          0         68   exit.o
         6          0          0          0          0        136   heapauxi.o
         0          0          0          0          0          0   indicate_semi.o
         2          0          0          0          0          0   libinit.o
         2          0          0          0          0          0   libinit2.o
         2          0          0          0          0          0   libshutdown.o
         2          0          0          0          0          0   libshutdown2.o
         8          4          0          0         96         68   libspace.o
        64          0          0          0          0        108   rt_memclr.o
         2          0          0          0          0          0   rtexit.o
        10          0          0          0          0          0   rtexit2.o
        12          4          0          0          0         60   sys_exit.o
        62          0          0          0          0         80   sys_stackheap_outer.o
         2          0          0          0          0         68   use_no_semi.o

    ----------------------------------------------------------------------
       684         16          0          0         96        748   Library Totals
         8          0          0          0          0          0   (incl. Padding)

    ----------------------------------------------------------------------

      Code (inc. data)   RO Data    RW Data    ZI Data      Debug   Library Name

       676         16          0          0         96        748   c_p.l

    ----------------------------------------------------------------------
       684         16          0          0         96        748   Library Totals

    ----------------------------------------------------------------------

==============================================================================


      Code (inc. data)   RO Data    RW Data    ZI Data      Debug   

     17740        922        532         92       1988     942311   Grand Totals
     17740        922        532         92       1988     942311   ELF Image Totals
     17740        922        532         92          0          0   ROM Totals

==============================================================================

    Total RO  Size (Code + RO Data)                18272 (  17.84kB)
    Total RW  Size (RW Data + ZI Data)              2080 (   2.03kB)
    Total ROM Size (Code + RO Data + RW Data)      18364 (  17.93kB)

==============================================================================

