<html>
<body>
<pre>
<h1>µVision Build Log</h1>
<h2>Tool Versions:</h2>
IDE-Version: ¦ÌVision V5.35.0.0
Copyright (C) 2021 ARM Ltd and ARM Germany GmbH. All rights reserved.
License Information: HALI YYJ-2, ZIDA, LIC=YA39H-WAYMH-JJM6S-LW5GX-1KVD1-GCBPE
 
Tool Versions:
Toolchain:       MDK-ARM Plus  Version: 5.35.0.2
Toolchain Path:  d:\Keil_v5\ARM\ARMCC\Bin
C Compiler:      Armcc.exe V5.06 update 7 (build 960)
Assembler:       Armasm.exe V5.06 update 7 (build 960)
Linker/Locator:  ArmLink.exe V5.06 update 7 (build 960)
Library Manager: ArmAr.exe V5.06 update 7 (build 960)
Hex Converter:   FromElf.exe V5.06 update 7 (build 960)
CPU DLL:         SARMCM3.DLL V5.35.0.2
Dialog DLL:      DARMCM1.DLL V1.19.4.0
Target DLL:      STLink\ST-LINKIII-KEIL_SWO.dll V3.0.9.0
Dialog DLL:      TARMCM1.DLL V1.14.4.0
 
<h2>Project:</h2>
E:\S03_net_software_files\S03_displayPannel_has_protect_codes\MDK-ARM\S03_DisplayPanel_has_protect.uvprojx
Project File Date:  06/09/2023

<h2>Output:</h2>
*** Using Compiler 'V5.06 update 7 (build 960)', folder: 'd:\Keil_v5\ARM\ARMCC\Bin'
Build target 'S03_DP_has_protect'
compiling main.c...
../Core/Src/main.c(76): warning:  #177-D: variable "power_on_the_first"  was declared but never referenced
      static uint8_t power_on_the_first;
../Core/Src/main.c: 1 warning, 0 errors
linking...
Program Size: Code=17740 RO-data=532 RW-data=92 ZI-data=1988  
FromELF: creating hex file...
"S03_DisplayPanel_Pro\S03_DisplayPanel_Pro.axf" - 0 Error(s), 1 Warning(s).

<h2>Software Packages used:</h2>

Package Vendor: ARM
                http://www.keil.com/pack/ARM.CMSIS.5.8.0.pack
                ARM.CMSIS.5.8.0
                CMSIS (Common Microcontroller Software Interface Standard)
   * Component: CORE Version: 5.5.0

Package Vendor: Keil
                http://www.keil.com/pack/Keil.STM32G0xx_DFP.1.4.0.pack
                Keil.STM32G0xx_DFP.1.4.0
                STMicroelectronics STM32G0 Series Device Support

<h2>Collection of Component include folders:</h2>
  .\RTE\_S03_DP_has_protect
  d:\Users\YYJ-2\AppData\Local\Arm\Packs\ARM\CMSIS\5.8.0\CMSIS\Core\Include
  d:\Users\YYJ-2\AppData\Local\Arm\Packs\Keil\STM32G0xx_DFP\1.4.0\Drivers\CMSIS\Device\ST\STM32G0xx\Include

<h2>Collection of Component Files used:</h2>

   * Component: ARM::CMSIS:CORE:5.5.0
      Include file:  CMSIS\Core\Include\tz_context.h
Build Time Elapsed:  00:00:01
</pre>
</body>
</html>
